ARM Linker, 5.03 [Build 76] [MDK-ARM Standard]

==============================================================================

Section Cross References

    stm32f10x_it.o(i.ETH_IRQHandler) refers to netconf.o(i.LwIP_Pkt_Handle) for LwIP_Pkt_Handle
    stm32f10x_it.o(i.ETH_IRQHandler) refers to stm32_eth.o(i.ETH_GetRxPktSize) for ETH_GetRxPktSize
    stm32f10x_it.o(i.ETH_IRQHandler) refers to stm32_eth.o(i.ETH_DMAClearITPendingBit) for ETH_DMAClearITPendingBit
    stm32f10x_it.o(i.EXTI15_10_IRQHandler) refers to stm32f10x_exti.o(i.EXTI_GetITStatus) for EXTI_GetITStatus
    stm32f10x_it.o(i.EXTI15_10_IRQHandler) refers to stm3210c_eval_ioe.o(i.IOE_GetGITStatus) for IOE_GetGITStatus
    stm32f10x_it.o(i.EXTI15_10_IRQHandler) refers to stm3210c_eval_ioe.o(i.IOE_TS_GetState) for IOE_TS_GetState
    stm32f10x_it.o(i.EXTI15_10_IRQHandler) refers to stm3210c_eval_lcd.o(i.LCD_DisplayStringLine) for LCD_DisplayStringLine
    stm32f10x_it.o(i.EXTI15_10_IRQHandler) refers to stm32_eval.o(i.STM_EVAL_LEDOn) for STM_EVAL_LEDOn
    stm32f10x_it.o(i.EXTI15_10_IRQHandler) refers to client.o(i.tcp_led_control) for tcp_led_control
    stm32f10x_it.o(i.EXTI15_10_IRQHandler) refers to stm32_eval.o(i.STM_EVAL_LEDOff) for STM_EVAL_LEDOff
    stm32f10x_it.o(i.EXTI15_10_IRQHandler) refers to stm3210c_eval_ioe.o(i.IOE_ClearGITPending) for IOE_ClearGITPending
    stm32f10x_it.o(i.EXTI15_10_IRQHandler) refers to stm32f10x_exti.o(i.EXTI_ClearITPendingBit) for EXTI_ClearITPendingBit
    stm32f10x_it.o(i.EXTI15_10_IRQHandler) refers to stm32f10x_it.o(.data) for .data
    stm32f10x_it.o(i.SysTick_Handler) refers to main.o(i.Time_Update) for Time_Update
    main.o(i.Delay) refers to main.o(.data) for .data
    main.o(i.System_Periodic_Handle) refers to netconf.o(i.Display_Periodic_Handle) for Display_Periodic_Handle
    main.o(i.System_Periodic_Handle) refers to netconf.o(i.LwIP_Periodic_Handle) for LwIP_Periodic_Handle
    main.o(i.System_Periodic_Handle) refers to main.o(.data) for .data
    main.o(i.Time_Update) refers to main.o(.data) for .data
    main.o(i.main) refers to stm32f107.o(i.System_Setup) for System_Setup
    main.o(i.main) refers to netconf.o(i.LwIP_Init) for LwIP_Init
    main.o(i.main) refers to helloworld.o(i.HelloWorld_init) for HelloWorld_init
    main.o(i.main) refers to httpd.o(i.httpd_init) for httpd_init
    main.o(i.main) refers to tftpserver.o(i.tftpd_init) for tftpd_init
    main.o(i.main) refers to main.o(i.System_Periodic_Handle) for System_Periodic_Handle
    stm32f107.o(i.ADC_Configuration) refers to stm32f10x_adc.o(i.ADC_Init) for ADC_Init
    stm32f107.o(i.ADC_Configuration) refers to stm32f10x_adc.o(i.ADC_RegularChannelConfig) for ADC_RegularChannelConfig
    stm32f107.o(i.ADC_Configuration) refers to stm32f10x_adc.o(i.ADC_Cmd) for ADC_Cmd
    stm32f107.o(i.ADC_Configuration) refers to stm32f10x_adc.o(i.ADC_SoftwareStartConvCmd) for ADC_SoftwareStartConvCmd
    stm32f107.o(i.Ethernet_Configuration) refers to stm32f10x_gpio.o(i.GPIO_ETH_MediaInterfaceConfig) for GPIO_ETH_MediaInterfaceConfig
    stm32f107.o(i.Ethernet_Configuration) refers to stm32f10x_rcc.o(i.RCC_MCOConfig) for RCC_MCOConfig
    stm32f107.o(i.Ethernet_Configuration) refers to stm32_eth.o(i.ETH_DeInit) for ETH_DeInit
    stm32f107.o(i.Ethernet_Configuration) refers to stm32_eth.o(i.ETH_SoftwareReset) for ETH_SoftwareReset
    stm32f107.o(i.Ethernet_Configuration) refers to stm32_eth.o(i.ETH_GetSoftwareResetStatus) for ETH_GetSoftwareResetStatus
    stm32f107.o(i.Ethernet_Configuration) refers to stm32_eth.o(i.ETH_StructInit) for ETH_StructInit
    stm32f107.o(i.Ethernet_Configuration) refers to stm32_eth.o(i.ETH_Init) for ETH_Init
    stm32f107.o(i.Ethernet_Configuration) refers to stm32_eth.o(i.ETH_DMAITConfig) for ETH_DMAITConfig
    stm32f107.o(i.GPIO_Configuration) refers to stm32f10x_gpio.o(i.GPIO_Init) for GPIO_Init
    stm32f107.o(i.GPIO_Configuration) refers to stm32f10x_gpio.o(i.GPIO_PinRemapConfig) for GPIO_PinRemapConfig
    stm32f107.o(i.NVIC_Configuration) refers to misc.o(i.NVIC_SetVectorTable) for NVIC_SetVectorTable
    stm32f107.o(i.NVIC_Configuration) refers to misc.o(i.NVIC_PriorityGroupConfig) for NVIC_PriorityGroupConfig
    stm32f107.o(i.NVIC_Configuration) refers to misc.o(i.NVIC_Init) for NVIC_Init
    stm32f107.o(i.System_Setup) refers to system_stm32f10x.o(i.SystemInit) for SystemInit
    stm32f107.o(i.System_Setup) refers to stm32f10x_rcc.o(i.RCC_APB1PeriphClockCmd) for RCC_APB1PeriphClockCmd
    stm32f107.o(i.System_Setup) refers to stm32f10x_rcc.o(i.RCC_AHBPeriphClockCmd) for RCC_AHBPeriphClockCmd
    stm32f107.o(i.System_Setup) refers to stm32f10x_rcc.o(i.RCC_APB2PeriphClockCmd) for RCC_APB2PeriphClockCmd
    stm32f107.o(i.System_Setup) refers to stm32f107.o(i.NVIC_Configuration) for NVIC_Configuration
    stm32f107.o(i.System_Setup) refers to stm32f107.o(i.ADC_Configuration) for ADC_Configuration
    stm32f107.o(i.System_Setup) refers to stm32f107.o(i.GPIO_Configuration) for GPIO_Configuration
[...]
    IOE_ClearGITPending                      0x08001a9d   Thumb Code    14  stm3210c_eval_ioe.o(i.IOE_ClearGITPending)
    IOE_GetGITStatus                         0x08001aab   Thumb Code    32  stm3210c_eval_ioe.o(i.IOE_GetGITStatus)
    IOE_TS_GetState                          0x08001b05   Thumb Code   172  stm3210c_eval_ioe.o(i.IOE_TS_GetState)
    LCD_Clear                                0x08001bb5   Thumb Code    50  stm3210c_eval_lcd.o(i.LCD_Clear)
    LCD_CtrlLinesConfig                      0x08001bed   Thumb Code    38  stm3210c_eval_lcd.o(i.LCD_CtrlLinesConfig)
    LCD_CtrlLinesWrite                       0x08001c19   Thumb Code     4  stm3210c_eval_lcd.o(i.LCD_CtrlLinesWrite)
    LCD_DisplayChar                          0x08001c1d   Thumb Code    18  stm3210c_eval_lcd.o(i.LCD_DisplayChar)
    LCD_DisplayStringLine                    0x08001c35   Thumb Code    46  stm3210c_eval_lcd.o(i.LCD_DisplayStringLine)
    LCD_DrawChar                             0x08001c65   Thumb Code    92  stm3210c_eval_lcd.o(i.LCD_DrawChar)
    LCD_SPIConfig                            0x08001cc9   Thumb Code   128  stm3210c_eval_lcd.o(i.LCD_SPIConfig)
    LCD_SetBackColor                         0x08001d55   Thumb Code    12  stm3210c_eval_lcd.o(i.LCD_SetBackColor)
    LCD_SetCursor                            0x08001d65   Thumb Code    24  stm3210c_eval_lcd.o(i.LCD_SetCursor)
    LCD_SetTextColor                         0x08001d7d   Thumb Code    12  stm3210c_eval_lcd.o(i.LCD_SetTextColor)
    LCD_Setup                                0x08001d8d   Thumb Code   518  stm3210c_eval_lcd.o(i.LCD_Setup)
    LCD_WriteRAM                             0x08001f95   Thumb Code    48  stm3210c_eval_lcd.o(i.LCD_WriteRAM)
    LCD_WriteRAM_Prepare                     0x08001fc9   Thumb Code    18  stm3210c_eval_lcd.o(i.LCD_WriteRAM_Prepare)
    LCD_WriteReg                             0x08001fdd   Thumb Code    70  stm3210c_eval_lcd.o(i.LCD_WriteReg)
    LCD_WriteRegIndex                        0x0800202d   Thumb Code    66  stm3210c_eval_lcd.o(i.LCD_WriteRegIndex)
    LCD_nCS_StartByte                        0x08002079   Thumb Code    38  stm3210c_eval_lcd.o(i.LCD_nCS_StartByte)
    LwIP_Init                                0x080020a9   Thumb Code    94  netconf.o(i.LwIP_Init)
    LwIP_Periodic_Handle                     0x08002121   Thumb Code    48  netconf.o(i.LwIP_Periodic_Handle)
    LwIP_Pkt_Handle                          0x08002155   Thumb Code     6  netconf.o(i.LwIP_Pkt_Handle)
    MemManage_Handler                        0x08002161   Thumb Code     2  stm32f10x_it.o(i.MemManage_Handler)
    NMI_Handler                              0x08002163   Thumb Code     2  stm32f10x_it.o(i.NMI_Handler)
    NVIC_Configuration                       0x08002165   Thumb Code    52  stm32f107.o(i.NVIC_Configuration)
    NVIC_Init                                0x08002199   Thumb Code    90  misc.o(i.NVIC_Init)
    NVIC_PriorityGroupConfig                 0x080021fd   Thumb Code    10  misc.o(i.NVIC_PriorityGroupConfig)
    NVIC_SetVectorTable                      0x08002231   Thumb Code    12  misc.o(i.NVIC_SetVectorTable)
    PendSV_Handler                           0x08002245   Thumb Code     2  stm32f10x_it.o(i.PendSV_Handler)
    RCC_AHBPeriphClockCmd                    0x08002249   Thumb Code    18  stm32f10x_rcc.o(i.RCC_AHBPeriphClockCmd)
    RCC_AHBPeriphResetCmd                    0x08002261   Thumb Code    18  stm32f10x_rcc.o(i.RCC_AHBPeriphResetCmd)
    RCC_APB1PeriphClockCmd                   0x08002279   Thumb Code    18  stm32f10x_rcc.o(i.RCC_APB1PeriphClockCmd)
    RCC_APB1PeriphResetCmd                   0x08002291   Thumb Code    18  stm32f10x_rcc.o(i.RCC_APB1PeriphResetCmd)
    RCC_APB2PeriphClockCmd                   0x080022a9   Thumb Code    18  stm32f10x_rcc.o(i.RCC_APB2PeriphClockCmd)
    RCC_APB2PeriphResetCmd                   0x080022c1   Thumb Code    18  stm32f10x_rcc.o(i.RCC_APB2PeriphResetCmd)
    RCC_GetClocksFreq                        0x080022d9   Thumb Code   180  stm32f10x_rcc.o(i.RCC_GetClocksFreq)
    RCC_MCOConfig                            0x080023a1   Thumb Code     6  stm32f10x_rcc.o(i.RCC_MCOConfig)
    SPI_Cmd                                  0x080023ad   Thumb Code    20  stm32f10x_spi.o(i.SPI_Cmd)
    SPI_I2S_DeInit                           0x08002465   Thumb Code    72  stm32f10x_spi.o(i.SPI_I2S_DeInit)
    SPI_I2S_GetFlagStatus                    0x080024b9   Thumb Code    14  stm32f10x_spi.o(i.SPI_I2S_GetFlagStatus)
    SPI_I2S_ReceiveData                      0x080024c7   Thumb Code     4  stm32f10x_spi.o(i.SPI_I2S_ReceiveData)
    SPI_I2S_SendData                         0x080024cb   Thumb Code     4  stm32f10x_spi.o(i.SPI_I2S_SendData)
    SPI_Init                                 0x080024cf   Thumb Code    56  stm32f10x_spi.o(i.SPI_Init)
    STM3210C_LCD_Init                        0x08002507   Thumb Code     4  stm3210c_eval_lcd.o(i.STM3210C_LCD_Init)
    STM_EVAL_LEDInit                         0x0800250d   Thumb Code    54  stm32_eval.o(i.STM_EVAL_LEDInit)
    STM_EVAL_LEDOff                          0x0800254d   Thumb Code    16  stm32_eval.o(i.STM_EVAL_LEDOff)
    STM_EVAL_LEDOn                           0x08002565   Thumb Code    16  stm32_eval.o(i.STM_EVAL_LEDOn)
    STM_EVAL_PBInit                          0x0800257d   Thumb Code   148  stm32_eval.o(i.STM_EVAL_PBInit)
    SVC_Handler                              0x08002619   Thumb Code     2  stm32f10x_it.o(i.SVC_Handler)
    Set_MAC_Address                          0x080026ed   Thumb Code    34  ethernetif.o(i.Set_MAC_Address)
    SysTick_Handler                          0x08002715   Thumb Code     4  stm32f10x_it.o(i.SysTick_Handler)
    SystemInit                               0x08002719   Thumb Code    64  system_stm32f10x.o(i.SystemInit)
    System_Periodic_Handle                   0x08002765   Thumb Code    20  main.o(i.System_Periodic_Handle)
    System_Setup                             0x0800277d   Thumb Code   228  stm32f107.o(i.System_Setup)
    Time_Update                              0x080028c1   Thumb Code    10  main.o(i.Time_Update)
    UsageFault_Handler                       0x080028d1   Thumb Code     2  stm32f10x_it.o(i.UsageFault_Handler)
    dir_addCluster                           0x08002921   Thumb Code   102  dir.o(i.dir_addCluster)
    dir_createDefaultEntry                   0x08002987   Thumb Code    38  dir.o(i.dir_createDefaultEntry)
    dir_createDirectoryEntry                 0x080029ad   Thumb Code    48  dir.o(i.dir_createDirectoryEntry)
    dir_findFileinBuf                        0x080029dd   Thumb Code    88  dir.o(i.dir_findFileinBuf)
    dir_findFreeEntryinBuf                   0x08002a35   Thumb Code    64  dir.o(i.dir_findFreeEntryinBuf)
    dir_findinBuf                            0x08002a75   Thumb Code    20  dir.o(i.dir_findinBuf)
    dir_findinCluster                        0x08002a89   Thumb Code   106  dir.o(i.dir_findinCluster)
    dir_findinDir                            0x08002af3   Thumb Code    86  dir.o(i.dir_findinDir)
    dir_findinRootArea                       0x08002b49   Thumb Code   110  dir.o(i.dir_findinRootArea)
    dir_getFatFileName                       0x08002bb7   Thumb Code    70  dir.o(i.dir_getFatFileName)
    dir_getFileStructure                     0x08002bfd   Thumb Code    48  dir.o(i.dir_getFileStructure)
    dir_setFileSize                          0x08002c2d   Thumb Code    38  dir.o(i.dir_setFileSize)
    dir_setFirstCluster                      0x08002c53   Thumb Code    48  dir.o(i.dir_setFirstCluster)
    dir_updateDirectoryEntry                 0x08002c83   Thumb Code    50  dir.o(i.dir_updateDirectoryEntry)
    disc_initDisc                            0x08002cb5   Thumb Code    10  disc.o(i.disc_initDisc)
    disc_loadMBR                             0x08002cbf   Thumb Code    60  disc.o(i.disc_loadMBR)
    efs_init                                 0x08002cfb   Thumb Code   104  efs.o(i.efs_init)
    etharp_arp_input                         0x08002d63   Thumb Code   202  etharp.o(i.etharp_arp_input)
    etharp_ip_input                          0x08002e2d   Thumb Code    40  etharp.o(i.etharp_ip_input)
    etharp_output                            0x08002e55   Thumb Code   178  etharp.o(i.etharp_output)
    etharp_query                             0x08002f0d   Thumb Code   256  etharp.o(i.etharp_query)
    etharp_request                           0x080030b1   Thumb Code    32  etharp.o(i.etharp_request)
    etharp_tmr                               0x0800310d   Thumb Code    78  etharp.o(i.etharp_tmr)
    ethernet_input                           0x08003161   Thumb Code    84  etharp.o(i.ethernet_input)
    ethernetif_init                          0x080031b5   Thumb Code    56  ethernetif.o(i.ethernetif_init)
    ethernetif_input                         0x080031f5   Thumb Code   116  ethernetif.o(i.ethernetif_input)
    ex_getPartitionField                     0x0800326d   Thumb Code    60  extract.o(i.ex_getPartitionField)
    ex_getb16                                0x080032a9   Thumb Code    14  extract.o(i.ex_getb16)
    ex_getb32                                0x080032b7   Thumb Code    24  extract.o(i.ex_getb32)
    fat_DiscToLogicCluster                   0x080032cf   Thumb Code    56  fat.o(i.fat_DiscToLogicCluster)
    fat_LogicToDiscCluster                   0x08003307   Thumb Code    82  fat.o(i.fat_LogicToDiscCluster)
    fat_allocClusterChain                    0x08003359   Thumb Code   286  fat.o(i.fat_allocClusterChain)
    fat_countClustersInChain                 0x08003477   Thumb Code    48  fat.o(i.fat_countClustersInChain)
    fat_getNextClusterAddress                0x080034a7   Thumb Code   156  fat.o(i.fat_getNextClusterAddress)
    fat_getNextClusterAddressWBuf            0x08003543   Thumb Code   120  fat.o(i.fat_getNextClusterAddressWBuf)
    fat_getNextClusterChain                  0x080035bb   Thumb Code   152  fat.o(i.fat_getNextClusterChain)
    fat_getSectorAddressFatEntry             0x08003653   Thumb Code    48  fat.o(i.fat_getSectorAddressFatEntry)
    fat_giveEocMarker                        0x08003683   Thumb Code    38  fat.o(i.fat_giveEocMarker)
    fat_isEocMarker                          0x080036a9   Thumb Code    52  fat.o(i.fat_isEocMarker)
    fat_setNextClusterAddress                0x080036e1   Thumb Code   222  fat.o(i.fat_setNextClusterAddress)
    fat_setNextClusterAddressWBuf            0x080037bf   Thumb Code   176  fat.o(i.fat_setNextClusterAddressWBuf)
    file_fclose                              0x0800386f   Thumb Code   102  file.o(i.file_fclose)
    file_fopen                               0x080038d5   Thumb Code   414  file.o(i.file_fopen)
    file_fread                               0x08003a73   Thumb Code   204  file.o(i.file_fread)
    file_fwrite                              0x08003b3f   Thumb Code   266  file.o(i.file_fwrite)
    file_getAttr                             0x08003c49   Thumb Code    12  file.o(i.file_getAttr)
    file_initFile                            0x08003c55   Thumb Code    40  file.o(i.file_initFile)
    file_normalToFatName                     0x08003c7d   Thumb Code   134  file.o(i.file_normalToFatName)
    file_read                                0x08003d03   Thumb Code    24  file.o(i.file_read)
    file_requiredCluster                     0x08003d1b   Thumb Code    84  file.o(i.file_requiredCluster)
    file_setAttr                             0x08003d6f   Thumb Code    22  file.o(i.file_setAttr)
    file_setpos                              0x08003d85   Thumb Code    18  file.o(i.file_setpos)
    file_validateChar                        0x08003d97   Thumb Code    62  file.o(i.file_validateChar)
    file_write                               0x08003dd5   Thumb Code    24  file.o(i.file_write)
    fs_clearCluster                          0x08003f47   Thumb Code    66  fs.o(i.fs_clearCluster)
    fs_clusterToSector                       0x08003f89   Thumb Code    36  fs.o(i.fs_clusterToSector)
    fs_countDataSectors                      0x08003fad   Thumb Code    76  fs.o(i.fs_countDataSectors)
    fs_determineFatType                      0x08003ff9   Thumb Code    42  fs.o(i.fs_determineFatType)
    fs_findFile                              0x08004023   Thumb Code   184  fs.o(i.fs_findFile)
    fs_findFirstSectorRootDir                0x080040db   Thumb Code    36  fs.o(i.fs_findFirstSectorRootDir)
    fs_findFreeFile                          0x080040ff   Thumb Code    92  fs.o(i.fs_findFreeFile)
    fs_flushFs                               0x0800415b   Thumb Code    10  fs.o(i.fs_flushFs)
    fs_getFirstClusterRootDir                0x08004165   Thumb Code    16  fs.o(i.fs_getFirstClusterRootDir)
    fs_getLastCluster                        0x08004175   Thumb Code    56  fs.o(i.fs_getLastCluster)
    fs_getNextFreeCluster                    0x080041ad   Thumb Code    36  fs.o(i.fs_getNextFreeCluster)
    fs_giveFreeClusterHint                   0x080041d1   Thumb Code     4  fs.o(i.fs_giveFreeClusterHint)
    fs_hasTimeSupport                        0x080041d5   Thumb Code     4  time.o(i.fs_hasTimeSupport)
    fs_initClusterChain                      0x080041d9   Thumb Code    16  fs.o(i.fs_initClusterChain)
    fs_initCurrentDir                        0x080041e9   Thumb Code    12  fs.o(i.fs_initCurrentDir)
    fs_initFs                                0x080041f5   Thumb Code    72  fs.o(i.fs_initFs)
    fs_isValidFat                            0x0800423d   Thumb Code    46  fs.o(i.fs_isValidFat)
    fs_loadVolumeId                          0x0800426b   Thumb Code   116  fs.o(i.fs_loadVolumeId)
    fs_open                                  0x080042e1   Thumb Code    42  httpd.o(i.fs_open)
    fs_setFirstClusterInDirEntry             0x08004311   Thumb Code     8  fs.o(i.fs_setFirstClusterInDirEntry)
    fs_umount                                0x08004319   Thumb Code     4  fs.o(i.fs_umount)
    fs_verifySanity                          0x0800431d   Thumb Code   148  fs.o(i.fs_verifySanity)
    htonl                                    0x080043b1   Thumb Code     4  inet.o(i.htonl)
    htons                                    0x080043b5   Thumb Code     4  inet.o(i.htons)
    httpd_init                               0x08004661   Thumb Code    34  httpd.o(i.httpd_init)
    icmp_dest_unreach                        0x0800468d   Thumb Code     8  icmp.o(i.icmp_dest_unreach)
    icmp_input                               0x08004695   Thumb Code   276  icmp.o(i.icmp_input)
    icmp_time_exceeded                       0x0800480f   Thumb Code     8  icmp.o(i.icmp_time_exceeded)
    if_initInterface                         0x08004817   Thumb Code    66  sd_stm32.o(i.if_initInterface)
    if_readBuf                               0x08004859   Thumb Code     8  sd_stm32.o(i.if_readBuf)
    if_spiInit                               0x08004861   Thumb Code    54  sd_stm32.o(i.if_spiInit)
    if_spiSend                               0x080048a1   Thumb Code    56  sd_stm32.o(i.if_spiSend)
    if_writeBuf                              0x080048e1   Thumb Code     4  sd_stm32.o(i.if_writeBuf)
    inet_chksum                              0x080048e5   Thumb Code    12  inet_chksum.o(i.inet_chksum)
    inet_chksum_pbuf                         0x080048f1   Thumb Code    72  inet_chksum.o(i.inet_chksum_pbuf)
    ioman_decUseCnt                          0x08004939   Thumb Code    26  ioman.o(i.ioman_decUseCnt)
    ioman_directSectorRead                   0x08004953   Thumb Code    96  ioman.o(i.ioman_directSectorRead)
    ioman_directSectorWrite                  0x080049b3   Thumb Code   144  ioman.o(i.ioman_directSectorWrite)
    ioman_findFreeSpot                       0x08004a43   Thumb Code    40  ioman.o(i.ioman_findFreeSpot)
    ioman_findOverallocableSpot              0x08004a6b   Thumb Code   112  ioman.o(i.ioman_findOverallocableSpot)
    ioman_findSectorInCache                  0x08004adb   Thumb Code    52  ioman.o(i.ioman_findSectorInCache)
    ioman_findUnusedSpot                     0x08004b0f   Thumb Code   124  ioman.o(i.ioman_findUnusedSpot)
    ioman_flushRange                         0x08004b8b   Thumb Code    96  ioman.o(i.ioman_flushRange)
    ioman_flushSector                        0x08004beb   Thumb Code    90  ioman.o(i.ioman_flushSector)
    ioman_getAttr                            0x08004c45   Thumb Code    26  ioman.o(i.ioman_getAttr)
    ioman_getBp                              0x08004c5f   Thumb Code    40  ioman.o(i.ioman_getBp)
    ioman_getPtr                             0x08004c87   Thumb Code    22  ioman.o(i.ioman_getPtr)
    ioman_getRefCnt                          0x08004c9d   Thumb Code    20  ioman.o(i.ioman_getRefCnt)
    ioman_getSector                          0x08004cb1   Thumb Code   216  ioman.o(i.ioman_getSector)
    ioman_getUseCnt                          0x08004d89   Thumb Code    20  ioman.o(i.ioman_getUseCnt)
    ioman_incRefCnt                          0x08004d9d   Thumb Code    26  ioman.o(i.ioman_incRefCnt)
    ioman_incUseCnt                          0x08004db7   Thumb Code    26  ioman.o(i.ioman_incUseCnt)
    ioman_init                               0x08004dd1   Thumb Code    24  ioman.o(i.ioman_init)
    ioman_pop                                0x08004de9   Thumb Code    70  ioman.o(i.ioman_pop)
    ioman_push                               0x08004e2f   Thumb Code    70  ioman.o(i.ioman_push)
    ioman_putSectorInCache                   0x08004e75   Thumb Code    70  ioman.o(i.ioman_putSectorInCache)
    ioman_readSector                         0x08004ebb   Thumb Code    28  ioman.o(i.ioman_readSector)
    ioman_releaseSector                      0x08004ed7   Thumb Code    80  ioman.o(i.ioman_releaseSector)
    ioman_reset                              0x08004f27   Thumb Code    94  ioman.o(i.ioman_reset)
    ioman_resetCacheItem                     0x08004f85   Thumb Code    30  ioman.o(i.ioman_resetCacheItem)
    ioman_setAttr                            0x08004fa3   Thumb Code    34  ioman.o(i.ioman_setAttr)
    ioman_writeSector                        0x08004fc5   Thumb Code    32  ioman.o(i.ioman_writeSector)
    ip_addr_isbroadcast                      0x08004fe5   Thumb Code    48  ip_addr.o(i.ip_addr_isbroadcast)
    ip_frag                                  0x08005015   Thumb Code   298  ip_frag.o(i.ip_frag)
    ip_input                                 0x08005145   Thumb Code   348  ip.o(i.ip_input)
    ip_output                                0x080052a9   Thumb Code    52  ip.o(i.ip_output)
    ip_output_if                             0x080052dd   Thumb Code   200  ip.o(i.ip_output_if)
    ip_reass                                 0x080053a9   Thumb Code   428  ip_frag.o(i.ip_reass)
    ip_route                                 0x08005751   Thumb Code    62  ip.o(i.ip_route)
    ls_openDir                               0x0800584d   Thumb Code    66  ls.o(i.ls_openDir)
    main                                     0x080058c9   Thumb Code    26  main.o(i.main)
    memClr                                   0x080058e3   Thumb Code    18  plibc.o(i.memClr)
    memCpy                                   0x080058f5   Thumb Code    24  plibc.o(i.memCpy)
    mem_calloc                               0x0800590d   Thumb Code    26  mem.o(i.mem_calloc)
    mem_free                                 0x08005929   Thumb Code    38  mem.o(i.mem_free)
    mem_init                                 0x08005955   Thumb Code    44  mem.o(i.mem_init)
    mem_malloc                               0x08005989   Thumb Code   162  mem.o(i.mem_malloc)
    mem_realloc                              0x08005a31   Thumb Code   190  mem.o(i.mem_realloc)
    memp_free                                0x08005af5   Thumb Code    18  memp.o(i.memp_free)
    memp_init                                0x08005b0d   Thumb Code    78  memp.o(i.memp_init)
    memp_malloc                              0x08005b65   Thumb Code    28  memp.o(i.memp_malloc)
    netif_add                                0x08005b85   Thumb Code    66  netif.o(i.netif_add)
    netif_is_up                              0x08005bcd   Thumb Code    10  netif.o(i.netif_is_up)
    netif_set_addr                           0x08005bd7   Thumb Code    32  netif.o(i.netif_set_addr)
    netif_set_default                        0x08005bf9   Thumb Code     6  netif.o(i.netif_set_default)
    netif_set_gw                             0x08005c05   Thumb Code     8  netif.o(i.netif_set_gw)
    netif_set_ipaddr                         0x08005c0d   Thumb Code    96  netif.o(i.netif_set_ipaddr)
    netif_set_netmask                        0x08005c75   Thumb Code     8  netif.o(i.netif_set_netmask)
    netif_set_up                             0x08005c7d   Thumb Code    28  netif.o(i.netif_set_up)
    ntohl                                    0x08005c99   Thumb Code     4  inet.o(i.ntohl)
    ntohs                                    0x08005c9d   Thumb Code     4  inet.o(i.ntohs)
    part_directSectorRead                    0x08005ca1   Thumb Code    26  partition.o(i.part_directSectorRead)
    part_directSectorWrite                   0x08005cbb   Thumb Code    26  partition.o(i.part_directSectorWrite)
    part_flushPart                           0x08005cd5   Thumb Code    38  partition.o(i.part_flushPart)
    part_getRealLBA                          0x08005cfb   Thumb Code    18  partition.o(i.part_getRealLBA)
    part_getSect                             0x08005d0d   Thumb Code    26  partition.o(i.part_getSect)
    part_initPartition                       0x08005d27   Thumb Code    40  partition.o(i.part_initPartition)
    part_isFatPart                           0x08005d4f   Thumb Code    32  partition.o(i.part_isFatPart)
    part_relSect                             0x08005d6f   Thumb Code     8  partition.o(i.part_relSect)
    pbuf_alloc                               0x08005d77   Thumb Code   268  pbuf.o(i.pbuf_alloc)
    pbuf_cat                                 0x08005e83   Thumb Code    40  pbuf.o(i.pbuf_cat)
    pbuf_chain                               0x08005eab   Thumb Code    18  pbuf.o(i.pbuf_chain)
    pbuf_clen                                0x08005ebd   Thumb Code    18  pbuf.o(i.pbuf_clen)
    pbuf_copy                                0x08005ecf   Thumb Code   144  pbuf.o(i.pbuf_copy)
    pbuf_copy_partial                        0x08005f5f   Thumb Code   104  pbuf.o(i.pbuf_copy_partial)
    pbuf_free                                0x08005fc7   Thumb Code    68  pbuf.o(i.pbuf_free)
    pbuf_header                              0x0800600b   Thumb Code    96  pbuf.o(i.pbuf_header)
    pbuf_realloc                             0x0800606b   Thumb Code    78  pbuf.o(i.pbuf_realloc)
    pbuf_ref                                 0x080060b9   Thumb Code    12  pbuf.o(i.pbuf_ref)
    process_tftp_request                     0x08006119   Thumb Code   174  tftpserver.o(i.process_tftp_request)
    raw_input                                0x080061dd   Thumb Code   100  raw.o(i.raw_input)
    recv_callback_tftp                       0x08006245   Thumb Code    24  tftpserver.o(i.recv_callback_tftp)
    rrq_recv_callback                        0x0800625d   Thumb Code    84  tftpserver.o(i.rrq_recv_callback)
    sd_Command                               0x080062b1   Thumb Code    80  sd.o(i.sd_Command)
    sd_Init                                  0x08006301   Thumb Code   104  sd.o(i.sd_Init)
    sd_Resp16b                               0x08006369   Thumb Code    22  sd.o(i.sd_Resp16b)
    sd_Resp8b                                0x0800637f   Thumb Code    28  sd.o(i.sd_Resp8b)
    sd_State                                 0x0800639b   Thumb Code    40  sd.o(i.sd_State)
    sd_getDriveSize                          0x080063c3   Thumb Code   150  sd.o(i.sd_getDriveSize)
    sd_readSector                            0x08006459   Thumb Code   116  sd.o(i.sd_readSector)
    sd_writeSector                           0x080064cd   Thumb Code   100  sd.o(i.sd_writeSector)
    strMatch                                 0x0800655d   Thumb Code    30  plibc.o(i.strMatch)
    tcp_abandon                              0x0800657d   Thumb Code   142  tcp.o(i.tcp_abandon)
    tcp_accept                               0x08006611   Thumb Code     4  tcp.o(i.tcp_accept)
    tcp_alloc                                0x0800661d   Thumb Code   230  tcp.o(i.tcp_alloc)
    tcp_arg                                  0x08006711   Thumb Code     4  tcp.o(i.tcp_arg)
    tcp_bind                                 0x08006715   Thumb Code   182  tcp.o(i.tcp_bind)
    tcp_close                                0x080067d1   Thumb Code   156  tcp.o(i.tcp_close)
    tcp_eff_send_mss                         0x08006871   Thumb Code    32  tcp.o(i.tcp_eff_send_mss)
    tcp_enqueue                              0x08006891   Thumb Code   752  tcp_out.o(i.tcp_enqueue)
    tcp_err                                  0x08006b81   Thumb Code     6  tcp.o(i.tcp_err)
    tcp_fasttmr                              0x08006b89   Thumb Code    84  tcp.o(i.tcp_fasttmr)
    tcp_input                                0x08006be1   Thumb Code   776  tcp_in.o(i.tcp_input)
    tcp_keepalive                            0x08006efd   Thumb Code    70  tcp_out.o(i.tcp_keepalive)
    tcp_led_control                          0x08006f45   Thumb Code    28  client.o(i.tcp_led_control)
    tcp_listen_with_backlog                  0x0800704d   Thumb Code   122  tcp.o(i.tcp_listen_with_backlog)
    tcp_new                                  0x080070d1   Thumb Code     6  tcp.o(i.tcp_new)
    tcp_next_iss                             0x08007139   Thumb Code    12  tcp.o(i.tcp_next_iss)
    tcp_output                               0x08007149   Thumb Code   532  tcp_out.o(i.tcp_output)
    tcp_pcb_purge                            0x0800750d   Thumb Code    48  tcp.o(i.tcp_pcb_purge)
    tcp_pcb_remove                           0x0800753d   Thumb Code    90  tcp.o(i.tcp_pcb_remove)
    tcp_poll                                 0x0800759d   Thumb Code    10  tcp.o(i.tcp_poll)
    tcp_recv                                 0x08007d61   Thumb Code     6  tcp.o(i.tcp_recv)
    tcp_recved                               0x08007d83   Thumb Code    60  tcp.o(i.tcp_recved)
    tcp_rexmit                               0x08007dbf   Thumb Code    84  tcp_out.o(i.tcp_rexmit)
    tcp_rexmit_rto                           0x08007e13   Thumb Code    46  tcp_out.o(i.tcp_rexmit_rto)
    tcp_rst                                  0x08007e41   Thumb Code   152  tcp_out.o(i.tcp_rst)
    tcp_seg_free                             0x08007ed9   Thumb Code    32  tcp.o(i.tcp_seg_free)
    tcp_segs_free                            0x08007ef9   Thumb Code    26  tcp.o(i.tcp_segs_free)
    tcp_send_ctrl                            0x08007f13   Thumb Code    22  tcp_out.o(i.tcp_send_ctrl)
    tcp_sent                                 0x08007f29   Thumb Code     6  tcp.o(i.tcp_sent)
    tcp_slowtmr                              0x08007f31   Thumb Code   512  tcp.o(i.tcp_slowtmr)
    tcp_tmr                                  0x08008141   Thumb Code    28  tcp.o(i.tcp_tmr)
    tcp_update_rcv_ann_wnd                   0x08008161   Thumb Code    44  tcp.o(i.tcp_update_rcv_ann_wnd)
    tcp_write                                0x0800818d   Thumb Code    46  tcp_out.o(i.tcp_write)
    tcp_zero_window_probe                    0x080081bb   Thumb Code    82  tcp_out.o(i.tcp_zero_window_probe)
    tftp_cleanup_rd                          0x0800820d   Thumb Code    52  tftpserver.o(i.tftp_cleanup_rd)
    tftp_cleanup_wr                          0x08008251   Thumb Code    54  tftpserver.o(i.tftp_cleanup_wr)
    tftp_construct_error_message             0x08008295   Thumb Code    44  tftpserver.o(i.tftp_construct_error_message)
    tftp_decode_op                           0x080082c5   Thumb Code     4  tftputils.o(i.tftp_decode_op)
    tftp_extract_block                       0x080082c9   Thumb Code     6  tftputils.o(i.tftp_extract_block)
    tftp_extract_filename                    0x080082cf   Thumb Code     6  tftputils.o(i.tftp_extract_filename)
    tftp_is_correct_ack                      0x080082d5   Thumb Code    26  tftputils.o(i.tftp_is_correct_ack)
    tftp_process_read                        0x080082f1   Thumb Code   118  tftpserver.o(i.tftp_process_read)
    tftp_process_write                       0x08008371   Thumb Code   118  tftpserver.o(i.tftp_process_write)
    tftp_send_ack_packet                     0x080083f1   Thumb Code    48  tftpserver.o(i.tftp_send_ack_packet)
    tftp_send_data_packet                    0x08008421   Thumb Code    70  tftpserver.o(i.tftp_send_data_packet)
    tftp_send_error_message                  0x08008467   Thumb Code    40  tftpserver.o(i.tftp_send_error_message)
    tftp_send_message                        0x0800848f   Thumb Code    70  tftpserver.o(i.tftp_send_message)
    tftp_send_next_block                     0x080084d5   Thumb Code    52  tftpserver.o(i.tftp_send_next_block)
    tftp_set_block                           0x0800850d   Thumb Code    14  tftputils.o(i.tftp_set_block)
    tftp_set_data_message                    0x0800851b   Thumb Code     6  tftputils.o(i.tftp_set_data_message)
    tftp_set_errorcode                       0x08008521   Thumb Code     8  tftputils.o(i.tftp_set_errorcode)
    tftp_set_errormsg                        0x08008529   Thumb Code     6  tftputils.o(i.tftp_set_errormsg)
    tftp_set_opcode                          0x0800852f   Thumb Code     8  tftputils.o(i.tftp_set_opcode)
    tftpd_init                               0x08008539   Thumb Code    42  tftpserver.o(i.tftpd_init)
    udp_bind                                 0x08008571   Thumb Code    86  udp.o(i.udp_bind)
    udp_disconnect                           0x080085cd   Thumb Code    20  udp.o(i.udp_disconnect)
    udp_input                                0x080085e5   Thumb Code   312  udp.o(i.udp_input)
    udp_new                                  0x08008721   Thumb Code    26  udp.o(i.udp_new)
    udp_recv                                 0x0800873b   Thumb Code     6  udp.o(i.udp_recv)
    udp_remove                               0x08008741   Thumb Code    40  udp.o(i.udp_remove)
    udp_sendto                               0x0800876d   Thumb Code    40  udp.o(i.udp_sendto)
    udp_sendto_if                            0x08008795   Thumb Code   176  udp.o(i.udp_sendto_if)
    wrq_recv_callback                        0x080088ed   Thumb Code   174  tftpserver.o(i.wrq_recv_callback)
    COM_TX_PIN                               0x08010638   Data           2  stm32_eval.o(.constdata)
    COM_RX_PIN                               0x0801063a   Data           2  stm32_eval.o(.constdata)
    COM_USART_CLK                            0x0801063c   Data           4  stm32_eval.o(.constdata)
    COM_POR_CLK                              0x08010640   Data           4  stm32_eval.o(.constdata)
    BUTTON_PIN                               0x08010644   Data           6  stm32_eval.o(.constdata)
    BUTTON_EXTI_LINE                         0x0801064a   Data           6  stm32_eval.o(.constdata)
    BUTTON_PORT_SOURCE                       0x08010650   Data           6  stm32_eval.o(.constdata)
    BUTTON_PIN_SOURCE                        0x08010656   Data           6  stm32_eval.o(.constdata)
    BUTTON_IRQn                              0x0801065c   Data           6  stm32_eval.o(.constdata)
    GPIO_PIN                                 0x08010662   Data           8  stm32_eval.o(.constdata)
    GPIO_CLK                                 0x0801066c   Data          16  stm32_eval.o(.constdata)
    BUTTON_CLK                               0x0801067c   Data          12  stm32_eval.o(.constdata)
    ASCII_Table                              0x08010688   Data        4560  stm3210c_eval_lcd.o(.constdata)
    tcp_persist_backoff                      0x08011858   Data           7  tcp.o(.constdata)
    tcp_backoff                              0x0801185f   Data          13  tcp.o(.constdata)
    ip_addr_any                              0x08011890   Data           4  ip_addr.o(.constdata)
    ethbroadcast                             0x08011894   Data           6  etharp.o(.constdata)
    ethzero                                  0x0801189a   Data           6  etharp.o(.constdata)
    Region$$Table$$Base                      0x08011980   Number         0  anon$$obj.o(Region$$Table)
    Region$$Table$$Limit                     0x080119a0   Number         0  anon$$obj.o(Region$$Table)
    LocalTime                                0x20000004   Data           4  main.o(.data)
    timingdelay                              0x20000008   Data           4  main.o(.data)
    TCPTimer                                 0x2000000c   Data           4  netconf.o(.data)
    ARPTimer                                 0x20000010   Data           4  netconf.o(.data)
    DisplayTimer                             0x20000018   Data           4  netconf.o(.data)
    data_STM32F107ADC_html                   0x2000001c   Data        4601  httpd.o(.data)
    file_STM32F107ADC_html                   0x20001218   Data          16  httpd.o(.data)
    UDPpcb                                   0x20001228   Data           4  tftpserver.o(.data)
    tftp_errorcode_string                    0x2000122c   Data          32  tftpserver.o(.data)
    DMATxDescToSet                           0x20001264   Data           4  stm32_eth.o(.data)
    DMARxDescToGet                           0x20001268   Data           4  stm32_eth.o(.data)
    DMAPTPTxDescToSet                        0x2000126c   Data           4  stm32_eth.o(.data)
    DMAPTPRxDescToGet                        0x20001270   Data           4  stm32_eth.o(.data)
    TimeOut                                  0x20001274   Data           4  stm3210c_eval_ioe.o(.data)
    TS_State                                 0x20001284   Data           8  stm3210c_eval_ioe.o(.data)
    COM_USART                                0x2000128c   Data           4  stm32_eval.o(.data)
    COM_PORT                                 0x20001290   Data           4  stm32_eval.o(.data)
    GPIO_PORT                                0x20001294   Data          16  stm32_eval.o(.data)
    BUTTON_PORT                              0x200012a4   Data          12  stm32_eval.o(.data)
    MACaddr                                  0x200012b4   Data           6  ethernetif.o(.data)
    tcp_ticks                                0x200012c4   Data           4  tcp.o(.data)
    tcp_bound_pcbs                           0x200012c8   Data           4  tcp.o(.data)
    tcp_listen_pcbs                          0x200012cc   Data           4  tcp.o(.data)
    tcp_active_pcbs                          0x200012d0   Data           4  tcp.o(.data)
    tcp_tw_pcbs                              0x200012d4   Data           4  tcp.o(.data)
    tcp_tmp_pcb                              0x200012d8   Data           4  tcp.o(.data)
    tcp_input_pcb                            0x200012f4   Data           4  tcp_in.o(.data)
    udp_pcbs                                 0x200012f8   Data           4  udp.o(.data)
    netif_list                               0x20001310   Data           4  netif.o(.data)
    netif_default                            0x20001314   Data           4  netif.o(.data)
    netif                                    0x20001334   Data          48  netconf.o(.bss)
    efs1                                     0x20001364   Data         692  tftpserver.o(.bss)
    efs2                                     0x20001618   Data         692  tftpserver.o(.bss)
    list1                                    0x200018cc   Data          52  tftpserver.o(.bss)
    list2                                    0x20001900   Data          52  tftpserver.o(.bss)
    file_SD                                  0x20001934   Data          80  tftpserver.o(.bss)
    file_CR                                  0x20001984   Data          80  tftpserver.o(.bss)
    DMARxDscrTab                             0x200019d4   Data          64  ethernetif.o(.bss)
    DMATxDscrTab                             0x20001a14   Data          32  ethernetif.o(.bss)
    Rx_Buff                                  0x20001a34   Data        6080  ethernetif.o(.bss)
    Tx_Buff                                  0x200031f4   Data        3040  ethernetif.o(.bss)
    __libspace_start                         0x2000db54   Data          96  libspace.o(.bss)
    __temporary_stack_top$libspace           0x2000dbb4   Data           0  libspace.o(.bss)



==============================================================================

Memory Map of the image

  Image Entry point : 0x08000151

  Load Region LR_IROM1 (Base: 0x08000000, Size: 0x00012cd4, Max: 0x00040000, ABSOLUTE, COMPRESSED[0x000120cc])

    Execution Region ER_IROM1 (Base: 0x08000000, Size: 0x000119a0, Max: 0x00040000, ABSOLUTE)

    Base Addr    Size         Type   Attr      Idx    E Section Name        Object

    0x08000000   0x00000150   Data   RO         5881    RESET               startup_stm32f10x_cl.o
    0x08000150   0x00000008   Code   RO         5936  * !!!main             c_w.l(__main.o)
    0x08000158   0x00000034   Code   RO         6101    !!!scatter          c_w.l(__scatter.o)
    0x0800018c   0x00000064   Code   RO         6099    !!dclz77c           c_w.l(__dclz77c.o)
    0x080001f0   0x0000001c   Code   RO         6103    !!handler_zi        c_w.l(__scatter_zi.o)
    0x0800020c   0x00000000   Code   RO         5917    .ARM.Collect$$_printf_percent$$00000000  c_w.l(_printf_percent.o)
    0x0800020c   0x00000006   Code   RO         5916    .ARM.Collect$$_printf_percent$$00000009  c_w.l(_printf_d.o)
    0x08000212   0x00000004   Code   RO         5945    .ARM.Collect$$_printf_percent$$00000017  c_w.l(_printf_percent_end.o)
    0x08000216   0x00000002   Code   RO         5972    .ARM.Collect$$libinit$$00000000  c_w.l(libinit.o)
    0x08000218   0x00000000   Code   RO         5979    .ARM.Collect$$libinit$$00000002  c_w.l(libinit2.o)
    0x08000218   0x00000000   Code   RO         5982    .ARM.Collect$$libinit$$00000008  c_w.l(libinit2.o)
    0x08000218   0x00000000   Code   RO         5984    .ARM.Collect$$libinit$$0000000A  c_w.l(libinit2.o)
    0x08000218   0x00000000   Code   RO         5986    .ARM.Collect$$libinit$$0000000C  c_w.l(libinit2.o)
    0x08000218   0x00000000   Code   RO         5989    .ARM.Collect$$libinit$$0000000F  c_w.l(libinit2.o)
    0x08000218   0x00000000   Code   RO         5991    .ARM.Collect$$libinit$$00000011  c_w.l(libinit2.o)
    0x08000218   0x00000000   Code   RO         5993    .ARM.Collect$$libinit$$00000013  c_w.l(libinit2.o)
    0x08000218   0x00000000   Code   RO         5995    .ARM.Collect$$libinit$$00000015  c_w.l(libinit2.o)
    0x08000218   0x00000000   Code   RO         5997    .ARM.Collect$$libinit$$00000017  c_w.l(libinit2.o)
    0x08000218   0x00000000   Code   RO         5999    .ARM.Collect$$libinit$$00000019  c_w.l(libinit2.o)
    0x08000218   0x00000000   Code   RO         6001    .ARM.Collect$$libinit$$0000001B  c_w.l(libinit2.o)
    0x08000218   0x00000000   Code   RO         6003    .ARM.Collect$$libinit$$0000001D  c_w.l(libinit2.o)
    0x08000218   0x00000000   Code   RO         6005    .ARM.Collect$$libinit$$0000001F  c_w.l(libinit2.o)
    0x08000218   0x00000000   Code   RO         6007    .ARM.Collect$$libinit$$00000021  c_w.l(libinit2.o)
    0x08000218   0x00000000   Code   RO         6009    .ARM.Collect$$libinit$$00000023  c_w.l(libinit2.o)
    0x08000218   0x00000000   Code   RO         6013    .ARM.Collect$$libinit$$0000002A  c_w.l(libinit2.o)
    0x08000218   0x00000000   Code   RO         6015    .ARM.Collect$$libinit$$0000002C  c_w.l(libinit2.o)
    0x08000218   0x00000000   Code   RO         6017    .ARM.Collect$$libinit$$0000002E  c_w.l(libinit2.o)
    0x08000218   0x00000000   Code   RO         6019    .ARM.Collect$$libinit$$00000030  c_w.l(libinit2.o)
    0x08000218   0x00000002   Code   RO         6020    .ARM.Collect$$libinit$$00000031  c_w.l(libinit2.o)
    0x0800021a   0x00000002   Code   RO         6040    .ARM.Collect$$libshutdown$$00000000  c_w.l(libshutdown.o)
    0x0800021c   0x00000000   Code   RO         6054    .ARM.Collect$$libshutdown$$00000003  c_w.l(libshutdown2.o)
    0x0800021c   0x00000000   Code   RO         6057    .ARM.Collect$$libshutdown$$00000006  c_w.l(libshutdown2.o)
    0x0800021c   0x00000000   Code   RO         6060    .ARM.Collect$$libshutdown$$00000009  c_w.l(libshutdown2.o)
    0x0800021c   0x00000000   Code   RO         6062    .ARM.Collect$$libshutdown$$0000000B  c_w.l(libshutdown2.o)
    0x0800021c   0x00000000   Code   RO         6065    .ARM.Collect$$libshutdown$$0000000E  c_w.l(libshutdown2.o)
    0x0800021c   0x00000002   Code   RO         6066    .ARM.Collect$$libshutdown$$0000000F  c_w.l(libshutdown2.o)
    0x0800021e   0x00000000   Code   RO         5938    .ARM.Collect$$rtentry$$00000000  c_w.l(rtentry.o)
    0x0800021e   0x00000000   Code   RO         5947    .ARM.Collect$$rtentry$$00000002  c_w.l(rtentry2.o)
    0x0800021e   0x00000006   Code   RO         5959    .ARM.Collect$$rtentry$$00000004  c_w.l(rtentry4.o)
    0x08000224   0x00000000   Code   RO         5949    .ARM.Collect$$rtentry$$00000009  c_w.l(rtentry2.o)
    0x08000224   0x00000004   Code   RO         5950    .ARM.Collect$$rtentry$$0000000A  c_w.l(rtentry2.o)
    0x08000228   0x00000000   Code   RO         5952    .ARM.Collect$$rtentry$$0000000C  c_w.l(rtentry2.o)
    0x08000228   0x00000008   Code   RO         5953    .ARM.Collect$$rtentry$$0000000D  c_w.l(rtentry2.o)
    0x08000230   0x00000002   Code   RO         5976    .ARM.Collect$$rtexit$$00000000  c_w.l(rtexit.o)
    0x08000232   0x00000000   Code   RO         6022    .ARM.Collect$$rtexit$$00000002  c_w.l(rtexit2.o)
    0x08000232   0x00000004   Code   RO         6023    .ARM.Collect$$rtexit$$00000003  c_w.l(rtexit2.o)
    0x08000236   0x00000006   Code   RO         6024    .ARM.Collect$$rtexit$$00000004  c_w.l(rtexit2.o)
    0x0800023c   0x00000038   Code   RO         5882    .text               startup_stm32f10x_cl.o
    0x08000274   0x00000028   Code   RO         5890    .text               c_w.l(noretval__2sprintf.o)
    0x0800029c   0x00000068   Code   RO         5892    .text               c_w.l(__printf.o)
    0x08000304   0x00000078   Code   RO         5894    .text               c_w.l(_printf_dec.o)
    0x0800037c   0x00000048   Code   RO         5918    .text               c_w.l(strcpy.o)
    0x080003c4   0x0000003e   Code   RO         5920    .text               c_w.l(strlen.o)
    0x08000402   0x00000096   Code   RO         5922    .text               c_w.l(strncmp.o)
    0x08000498   0x0000008a   Code   RO         5924    .text               c_w.l(rt_memcpy_v6.o)
    0x08000522   0x00000064   Code   RO         5926    .text               c_w.l(rt_memcpy_w.o)
    0x08000586   0x00000044   Code   RO         5928    .text               c_w.l(rt_memclr.o)
    0x080005ca   0x0000004e   Code   RO         5930    .text               c_w.l(rt_memclr_w.o)
    0x08000618   0x00000080   Code   RO         5932    .text               c_w.l(strcmpv7m.o)
    0x08000698   0x00000006   Code   RO         5934    .text               c_w.l(heapauxi.o)
    0x0800069e   0x000000b8   Code   RO         5939    .text               c_w.l(_printf_intcommon.o)
    0x08000756   0x00000002   PAD
    0x08000758   0x00000030   Code   RO         5941    .text               c_w.l(_printf_char_common.o)
    0x08000788   0x0000000a   Code   RO         5943    .text               c_w.l(_sputc.o)
    0x08000792   0x0000004a   Code   RO         5963    .text               c_w.l(sys_stackheap_outer.o)
    0x080007dc   0x0000000c   Code   RO         5965    .text               c_w.l(exit.o)
    0x080007e8   0x00000008   Code   RO         5973    .text               c_w.l(libspace.o)
    0x080007f0   0x0000000c   Code   RO         6032    .text               c_w.l(sys_exit.o)
    0x080007fc   0x00000002   Code   RO         6043    .text               c_w.l(use_no_semi.o)
    0x080007fe   0x00000000   Code   RO         6045    .text               c_w.l(indicate_semi.o)
    0x080007fe   0x00000014   Code   RO         1700    i.ADC_Cmd           stm32f10x_adc.o
    0x08000812   0x00000002   PAD
    0x08000814   0x0000004c   Code   RO          245    i.ADC_Configuration  stm32f107.o
    0x08000860   0x00000006   Code   RO         1709    i.ADC_GetConversionValue  stm32f10x_adc.o
    0x08000866   0x00000002   PAD
    0x08000868   0x00000048   Code   RO         1718    i.ADC_Init          stm32f10x_adc.o
    0x080008b0   0x00000074   Code   RO         1722    i.ADC_RegularChannelConfig  stm32f10x_adc.o
    0x08000924   0x00000014   Code   RO         1725    i.ADC_SoftwareStartConvCmd  stm32f10x_adc.o
    0x08000938   0x00000002   Code   RO            1    i.BusFault_Handler  stm32f10x_it.o
    0x0800093a   0x00000002   Code   RO            2    i.DebugMon_Handler  stm32f10x_it.o
    0x0800093c   0x00000014   Code   RO          146    i.Delay             main.o
    0x08000950   0x000000a4   Code   RO          293    i.Display_Periodic_Handle  netconf.o
    0x080009f4   0x0000000c   Code   RO         2649    i.ETH_DMAClearITPendingBit  stm32_eth.o
    0x08000a00   0x00000018   Code   RO         2650    i.ETH_DMAITConfig   stm32_eth.o
    0x08000a18   0x0000001c   Code   RO         2653    i.ETH_DMAReceptionCmd  stm32_eth.o
    0x08000a34   0x0000004c   Code   RO         2654    i.ETH_DMARxDescChainInit  stm32_eth.o
    0x08000a80   0x00000012   Code   RO         2656    i.ETH_DMARxDescReceiveITConfig  stm32_eth.o
    0x08000a92   0x00000002   PAD
    0x08000a94   0x0000001c   Code   RO         2659    i.ETH_DMATransmissionCmd  stm32_eth.o
    0x08000ab0   0x00000048   Code   RO         2662    i.ETH_DMATxDescChainInit  stm32_eth.o
    0x08000af8   0x00000008   Code   RO         2663    i.ETH_DMATxDescChecksumInsertionConfig  stm32_eth.o
    0x08000b00   0x00000018   Code   RO         2671    i.ETH_DeInit        stm32_eth.o
    0x08000b18   0x00000012   Code   RO         2672    i.ETH_Delay         stm32_eth.o
    0x08000b2a   0x00000002   PAD
    0x08000b2c   0x00000010   Code   RO         2677    i.ETH_FlushTransmitFIFO  stm32_eth.o
    0x08000b3c   0x0000000c   Code   RO         3663    i.ETH_GetCurrentTxBuffer  ethernetif.o
    0x08000b48   0x00000008   Code   RO         2688    i.ETH_GetDMARxDescFrameLength  stm32_eth.o
    0x08000b50   0x00000024   Code   RO         2703    i.ETH_GetRxPktSize  stm32_eth.o
    0x08000b74   0x00000014   Code   RO         2704    i.ETH_GetSoftwareResetStatus  stm32_eth.o
    0x08000b88   0x00000022   Code   RO            3    i.ETH_IRQHandler    stm32f10x_it.o
    0x08000baa   0x00000002   PAD
    0x08000bac   0x0000020c   Code   RO         2711    i.ETH_Init          stm32_eth.o
    0x08000db8   0x0000001c   Code   RO         2714    i.ETH_MACAddressConfig  stm32_eth.o
    0x08000dd4   0x0000001c   Code   RO         2719    i.ETH_MACReceptionCmd  stm32_eth.o
    0x08000df0   0x0000001c   Code   RO         2720    i.ETH_MACTransmissionCmd  stm32_eth.o
    0x08000e0c   0x00000058   Code   RO         2731    i.ETH_ReadPHYRegister  stm32_eth.o
    0x08000e64   0x00000050   Code   RO         3664    i.ETH_RxPkt_ChainMode  ethernetif.o
    0x08000eb4   0x00000010   Code   RO         2742    i.ETH_SoftwareReset  stm32_eth.o
    0x08000ec4   0x00000022   Code   RO         2743    i.ETH_Start         stm32_eth.o
    0x08000ee6   0x0000007c   Code   RO         2744    i.ETH_StructInit    stm32_eth.o
    0x08000f62   0x00000002   PAD
    0x08000f64   0x0000003c   Code   RO         3665    i.ETH_TxPkt_ChainMode  ethernetif.o
    0x08000fa0   0x00000054   Code   RO         2746    i.ETH_WritePHYRegister  stm32_eth.o
    0x08000ff4   0x00000140   Code   RO            4    i.EXTI15_10_IRQHandler  stm32f10x_it.o
    0x08001134   0x0000000c   Code   RO         1461    i.EXTI_ClearITPendingBit  stm32f10x_exti.o
    0x08001140   0x00000020   Code   RO         1465    i.EXTI_GetITStatus  stm32f10x_exti.o
    0x08001160   0x00000070   Code   RO         1466    i.EXTI_Init         stm32f10x_exti.o
    0x080011d0   0x0000007c   Code   RO          246    i.Ethernet_Configuration  stm32f107.o
    0x0800124c   0x000000f8   Code   RO          247    i.GPIO_Configuration  stm32f107.o
    0x08001344   0x0000000c   Code   RO          950    i.GPIO_ETH_MediaInterfaceConfig  stm32f10x_gpio.o
    0x08001350   0x00000028   Code   RO          951    i.GPIO_EXTILineConfig  stm32f10x_gpio.o
    0x08001378   0x00000098   Code   RO          954    i.GPIO_Init         stm32f10x_gpio.o
    0x08001410   0x00000048   Code   RO          956    i.GPIO_PinRemapConfig  stm32f10x_gpio.o
    0x08001458   0x00000004   Code   RO          961    i.GPIO_ResetBits    stm32f10x_gpio.o
    0x0800145c   0x00000004   Code   RO          962    i.GPIO_SetBits      stm32f10x_gpio.o
    0x08001460   0x0000000a   Code   RO          965    i.GPIO_WriteBit     stm32f10x_gpio.o
    0x0800146a   0x00000002   Code   RO            5    i.HardFault_Handler  stm32f10x_it.o
    0x0800146c   0x00000058   Code   RO          361    i.HelloWorld_accept  helloworld.o
    0x080014c4   0x00000004   Code   RO          362    i.HelloWorld_conn_err  helloworld.o
    0x080014c8   0x0000002c   Code   RO          363    i.HelloWorld_init   helloworld.o
    0x080014f4   0x000000ec   Code   RO          364    i.HelloWorld_recv   helloworld.o
    0x080015e0   0x00000014   Code   RO         2450    i.I2C_AcknowledgeConfig  stm32f10x_i2c.o
    0x080015f4   0x00000018   Code   RO         2452    i.I2C_CheckEvent    stm32f10x_i2c.o
    0x0800160c   0x00000014   Code   RO         2455    i.I2C_Cmd           stm32f10x_i2c.o
    0x08001620   0x00000014   Code   RO         2462    i.I2C_GenerateSTART  stm32f10x_i2c.o
    0x08001634   0x00000014   Code   RO         2463    i.I2C_GenerateSTOP  stm32f10x_i2c.o
    0x08001648   0x000000b8   Code   RO         2469    i.I2C_Init          stm32f10x_i2c.o
    0x08001700   0x00000154   Code   RO         3250    i.I2C_ReadDataBuffer  stm3210c_eval_ioe.o
    0x08001854   0x00000134   Code   RO         3251    i.I2C_ReadDeviceRegister  stm3210c_eval_ioe.o
    0x08001988   0x00000006   Code   RO         2473    i.I2C_ReceiveData   stm32f10x_i2c.o
    0x0800198e   0x00000010   Code   RO         2475    i.I2C_Send7bitAddress  stm32f10x_i2c.o
    0x0800199e   0x00000004   Code   RO         2476    i.I2C_SendData      stm32f10x_i2c.o
    0x080019a2   0x00000014   Code   RO         2477    i.I2C_SoftwareResetCmd  stm32f10x_i2c.o
    0x080019b6   0x00000002   PAD
    0x080019b8   0x000000e4   Code   RO         3252    i.I2C_WriteDeviceRegister  stm3210c_eval_ioe.o
    0x08001a9c   0x0000000e   Code   RO         3253    i.IOE_ClearGITPending  stm3210c_eval_ioe.o
    0x08001aaa   0x00000020   Code   RO         3259    i.IOE_GetGITStatus  stm3210c_eval_ioe.o
    0x08001aca   0x00000002   PAD
    0x08001acc   0x00000038   Code   RO         3261    i.IOE_I2C_Config    stm3210c_eval_ioe.o
    0x08001b04   0x000000b0   Code   RO         3274    i.IOE_TS_GetState   stm3210c_eval_ioe.o
    0x08001bb4   0x00000038   Code   RO         3478    i.LCD_Clear         stm3210c_eval_lcd.o
    0x08001bec   0x0000002c   Code   RO         3480    i.LCD_CtrlLinesConfig  stm3210c_eval_lcd.o
    0x08001c18   0x00000004   Code   RO         3481    i.LCD_CtrlLinesWrite  stm3210c_eval_lcd.o
    0x08001c1c   0x00000018   Code   RO         3482    i.LCD_DisplayChar   stm3210c_eval_lcd.o
    0x08001c34   0x0000002e   Code   RO         3485    i.LCD_DisplayStringLine  stm3210c_eval_lcd.o
    0x08001c62   0x00000002   PAD
    0x08001c64   0x00000064   Code   RO         3486    i.LCD_DrawChar      stm3210c_eval_lcd.o
    0x08001cc8   0x0000008c   Code   RO         3493    i.LCD_SPIConfig     stm3210c_eval_lcd.o
    0x08001d54   0x00000010   Code   RO         3494    i.LCD_SetBackColor  stm3210c_eval_lcd.o
    0x08001d64   0x00000018   Code   RO         3495    i.LCD_SetCursor     stm3210c_eval_lcd.o
    0x08001d7c   0x00000010   Code   RO         3497    i.LCD_SetTextColor  stm3210c_eval_lcd.o
    0x08001d8c   0x00000206   Code   RO         3498    i.LCD_Setup         stm3210c_eval_lcd.o
    0x08001f92   0x00000002   PAD
    0x08001f94   0x00000034   Code   RO         3500    i.LCD_WriteRAM      stm3210c_eval_lcd.o
    0x08001fc8   0x00000012   Code   RO         3502    i.LCD_WriteRAM_Prepare  stm3210c_eval_lcd.o
    0x08001fda   0x00000002   PAD
    0x08001fdc   0x00000050   Code   RO         3503    i.LCD_WriteReg      stm3210c_eval_lcd.o
    0x0800202c   0x0000004c   Code   RO         3504    i.LCD_WriteRegIndex  stm3210c_eval_lcd.o
    0x08002078   0x00000030   Code   RO         3505    i.LCD_nCS_StartByte  stm3210c_eval_lcd.o
    0x080020a8   0x00000078   Code   RO          294    i.LwIP_Init         netconf.o
    0x08002120   0x00000034   Code   RO          295    i.LwIP_Periodic_Handle  netconf.o
    0x08002154   0x0000000c   Code   RO          296    i.LwIP_Pkt_Handle   netconf.o
    0x08002160   0x00000002   Code   RO            6    i.MemManage_Handler  stm32f10x_it.o
    0x08002162   0x00000002   Code   RO            7    i.NMI_Handler       stm32f10x_it.o
    0x08002164   0x00000034   Code   RO          248    i.NVIC_Configuration  stm32f107.o
    0x08002198   0x00000064   Code   RO         1658    i.NVIC_Init         misc.o
    0x080021fc   0x00000014   Code   RO         1659    i.NVIC_PriorityGroupConfig  misc.o
    0x08002210   0x00000020   Code   RO          249    i.NVIC_SetPriority  stm32f107.o
    0x08002230   0x00000014   Code   RO         1660    i.NVIC_SetVectorTable  misc.o
    0x08002244   0x00000002   Code   RO            8    i.PendSV_Handler    stm32f10x_it.o
    0x08002246   0x00000002   PAD
    0x08002248   0x00000018   Code   RO         1063    i.RCC_AHBPeriphClockCmd  stm32f10x_rcc.o
    0x08002260   0x00000018   Code   RO         1064    i.RCC_AHBPeriphResetCmd  stm32f10x_rcc.o
    0x08002278   0x00000018   Code   RO         1065    i.RCC_APB1PeriphClockCmd  stm32f10x_rcc.o
    0x08002290   0x00000018   Code   RO         1066    i.RCC_APB1PeriphResetCmd  stm32f10x_rcc.o
    0x080022a8   0x00000018   Code   RO         1067    i.RCC_APB2PeriphClockCmd  stm32f10x_rcc.o
    0x080022c0   0x00000018   Code   RO         1068    i.RCC_APB2PeriphResetCmd  stm32f10x_rcc.o
    0x080022d8   0x000000c8   Code   RO         1075    i.RCC_GetClocksFreq  stm32f10x_rcc.o
    0x080023a0   0x0000000c   Code   RO         1087    i.RCC_MCOConfig     stm32f10x_rcc.o
    0x080023ac   0x00000014   Code   RO         1321    i.SPI_Cmd           stm32f10x_spi.o
    0x080023c0   0x000000a4   Code   RO         5791    i.SPI_Config        sd_stm32.o
    0x08002464   0x00000054   Code   RO         1328    i.SPI_I2S_DeInit    stm32f10x_spi.o
    0x080024b8   0x0000000e   Code   RO         1329    i.SPI_I2S_GetFlagStatus  stm32f10x_spi.o
    0x080024c6   0x00000004   Code   RO         1332    i.SPI_I2S_ReceiveData  stm32f10x_spi.o
    0x080024ca   0x00000004   Code   RO         1333    i.SPI_I2S_SendData  stm32f10x_spi.o
    0x080024ce   0x00000038   Code   RO         1334    i.SPI_Init          stm32f10x_spi.o
    0x08002506   0x00000004   Code   RO         3506    i.STM3210C_LCD_Init  stm3210c_eval_lcd.o
    0x0800250a   0x00000002   PAD
    0x0800250c   0x00000040   Code   RO         3427    i.STM_EVAL_LEDInit  stm32_eval.o
    0x0800254c   0x00000018   Code   RO         3428    i.STM_EVAL_LEDOff   stm32_eval.o
    0x08002564   0x00000018   Code   RO         3429    i.STM_EVAL_LEDOn    stm32_eval.o
    0x0800257c   0x0000009c   Code   RO         3432    i.STM_EVAL_PBInit   stm32_eval.o
    0x08002618   0x00000002   Code   RO            9    i.SVC_Handler       stm32f10x_it.o
    0x0800261a   0x00000002   PAD
    0x0800261c   0x000000d0   Code   RO         5841    i.SetSysClockTo72   system_stm32f10x.o
    0x080026ec   0x00000028   Code   RO         3666    i.Set_MAC_Address   ethernetif.o
    0x08002714   0x00000004   Code   RO           10    i.SysTick_Handler   stm32f10x_it.o
    0x08002718   0x0000004c   Code   RO         5842    i.SystemInit        system_stm32f10x.o
    0x08002764   0x00000018   Code   RO          147    i.System_Periodic_Handle  main.o
    0x0800277c   0x00000144   Code   RO          250    i.System_Setup      stm32f107.o
    0x080028c0   0x00000010   Code   RO          148    i.Time_Update       main.o
    0x080028d0   0x00000002   Code   RO           11    i.UsageFault_Handler  stm32f10x_it.o
    0x080028d2   0x0000002c   Code   RO          391    i.close_conn        httpd.o
    0x080028fe   0x00000004   Code   RO          392    i.conn_err          httpd.o
    0x08002902   0x00000002   PAD
    0x08002904   0x0000001c   Code   RO         3507    i.delay             stm3210c_eval_lcd.o
    0x08002920   0x00000066   Code   RO         4820    i.dir_addCluster    dir.o
    0x08002986   0x00000026   Code   RO         4821    i.dir_createDefaultEntry  dir.o
    0x080029ac   0x00000030   Code   RO         4822    i.dir_createDirectoryEntry  dir.o
    0x080029dc   0x00000058   Code   RO         4823    i.dir_findFileinBuf  dir.o
    0x08002a34   0x00000040   Code   RO         4824    i.dir_findFreeEntryinBuf  dir.o
    0x08002a74   0x00000014   Code   RO         4825    i.dir_findinBuf     dir.o
    0x08002a88   0x0000006a   Code   RO         4826    i.dir_findinCluster  dir.o
    0x08002af2   0x00000056   Code   RO         4827    i.dir_findinDir     dir.o
    0x08002b48   0x0000006e   Code   RO         4828    i.dir_findinRootArea  dir.o
    0x08002bb6   0x00000046   Code   RO         4829    i.dir_getFatFileName  dir.o
    0x08002bfc   0x00000030   Code   RO         4830    i.dir_getFileStructure  dir.o
    0x08002c2c   0x00000026   Code   RO         4831    i.dir_setFileSize   dir.o
    0x08002c52   0x00000030   Code   RO         4832    i.dir_setFirstCluster  dir.o
    0x08002c82   0x00000032   Code   RO         4833    i.dir_updateDirectoryEntry  dir.o
    0x08002cb4   0x0000000a   Code   RO         4916    i.disc_initDisc     disc.o
    0x08002cbe   0x0000003c   Code   RO         4917    i.disc_loadMBR      disc.o
    0x08002cfa   0x00000068   Code   RO         4937    i.efs_init          efs.o
    0x08002d62   0x000000ca   Code   RO         4734    i.etharp_arp_input  etharp.o
    0x08002e2c   0x00000028   Code   RO         4736    i.etharp_ip_input   etharp.o
    0x08002e54   0x000000b8   Code   RO         4737    i.etharp_output     etharp.o
    0x08002f0c   0x00000104   Code   RO         4738    i.etharp_query      etharp.o
    0x08003010   0x0000009e   Code   RO         4739    i.etharp_raw        etharp.o
    0x080030ae   0x00000002   PAD
    0x080030b0   0x00000024   Code   RO         4740    i.etharp_request    etharp.o
    0x080030d4   0x00000036   Code   RO         4741    i.etharp_send_ip    etharp.o
    0x0800310a   0x00000002   PAD
    0x0800310c   0x00000054   Code   RO         4742    i.etharp_tmr        etharp.o
    0x08003160   0x00000054   Code   RO         4743    i.ethernet_input    etharp.o
    0x080031b4   0x00000040   Code   RO         3667    i.ethernetif_init   ethernetif.o
    0x080031f4   0x00000078   Code   RO         3668    i.ethernetif_input  ethernetif.o
    0x0800326c   0x0000003c   Code   RO         4952    i.ex_getPartitionField  extract.o
    0x080032a8   0x0000000e   Code   RO         4953    i.ex_getb16         extract.o
    0x080032b6   0x00000018   Code   RO         4954    i.ex_getb32         extract.o
    0x080032ce   0x00000038   Code   RO         4994    i.fat_DiscToLogicCluster  fat.o
    0x08003306   0x00000052   Code   RO         4995    i.fat_LogicToDiscCluster  fat.o
    0x08003358   0x0000011e   Code   RO         4996    i.fat_allocClusterChain  fat.o
    0x08003476   0x00000030   Code   RO         4997    i.fat_countClustersInChain  fat.o
    0x080034a6   0x0000009c   Code   RO         4999    i.fat_getNextClusterAddress  fat.o
    0x08003542   0x00000078   Code   RO         5000    i.fat_getNextClusterAddressWBuf  fat.o
    0x080035ba   0x00000098   Code   RO         5001    i.fat_getNextClusterChain  fat.o
    0x08003652   0x00000030   Code   RO         5002    i.fat_getSectorAddressFatEntry  fat.o
    0x08003682   0x00000026   Code   RO         5003    i.fat_giveEocMarker  fat.o
    0x080036a8   0x00000038   Code   RO         5004    i.fat_isEocMarker   fat.o
    0x080036e0   0x000000de   Code   RO         5005    i.fat_setNextClusterAddress  fat.o
    0x080037be   0x000000b0   Code   RO         5006    i.fat_setNextClusterAddressWBuf  fat.o
    0x0800386e   0x00000066   Code   RO         5086    i.file_fclose       file.o
    0x080038d4   0x0000019e   Code   RO         5087    i.file_fopen        file.o
    0x08003a72   0x000000cc   Code   RO         5088    i.file_fread        file.o
    0x08003b3e   0x0000010a   Code   RO         5089    i.file_fwrite       file.o
    0x08003c48   0x0000000c   Code   RO         5090    i.file_getAttr      file.o
    0x08003c54   0x00000028   Code   RO         5091    i.file_initFile     file.o
    0x08003c7c   0x00000086   Code   RO         5092    i.file_normalToFatName  file.o
    0x08003d02   0x00000018   Code   RO         5093    i.file_read         file.o
    0x08003d1a   0x00000054   Code   RO         5094    i.file_requiredCluster  file.o
    0x08003d6e   0x00000016   Code   RO         5095    i.file_setAttr      file.o
    0x08003d84   0x00000012   Code   RO         5096    i.file_setpos       file.o
    0x08003d96   0x0000003e   Code   RO         5097    i.file_validateChar  file.o
    0x08003dd4   0x00000018   Code   RO         5098    i.file_write        file.o
    0x08003dec   0x0000013c   Code   RO         4744    i.find_entry        etharp.o
    0x08003f28   0x0000001e   Code   RO         4745    i.free_etharp_q     etharp.o
    0x08003f46   0x00000042   Code   RO         5168    i.fs_clearCluster   fs.o
    0x08003f88   0x00000024   Code   RO         5169    i.fs_clusterToSector  fs.o
    0x08003fac   0x0000004c   Code   RO         5170    i.fs_countDataSectors  fs.o
    0x08003ff8   0x0000002a   Code   RO         5171    i.fs_determineFatType  fs.o
    0x08004022   0x000000b8   Code   RO         5172    i.fs_findFile       fs.o
    0x080040da   0x00000024   Code   RO         5173    i.fs_findFirstSectorRootDir  fs.o
    0x080040fe   0x0000005c   Code   RO         5174    i.fs_findFreeFile   fs.o
    0x0800415a   0x0000000a   Code   RO         5175    i.fs_flushFs        fs.o
    0x08004164   0x00000010   Code   RO         5176    i.fs_getFirstClusterRootDir  fs.o
    0x08004174   0x00000038   Code   RO         5178    i.fs_getLastCluster  fs.o
    0x080041ac   0x00000024   Code   RO         5179    i.fs_getNextFreeCluster  fs.o
    0x080041d0   0x00000004   Code   RO         5180    i.fs_giveFreeClusterHint  fs.o
    0x080041d4   0x00000004   Code   RO         5670    i.fs_hasTimeSupport  time.o
    0x080041d8   0x00000010   Code   RO         5181    i.fs_initClusterChain  fs.o
    0x080041e8   0x0000000c   Code   RO         5182    i.fs_initCurrentDir  fs.o
    0x080041f4   0x00000048   Code   RO         5183    i.fs_initFs         fs.o
    0x0800423c   0x0000002e   Code   RO         5184    i.fs_isValidFat     fs.o
    0x0800426a   0x00000074   Code   RO         5185    i.fs_loadVolumeId   fs.o
    0x080042de   0x00000002   PAD
    0x080042e0   0x00000030   Code   RO          393    i.fs_open           httpd.o
    0x08004310   0x00000008   Code   RO         5187    i.fs_setFirstClusterInDirEntry  fs.o
    0x08004318   0x00000004   Code   RO         5189    i.fs_umount         fs.o
    0x0800431c   0x00000094   Code   RO         5190    i.fs_verifySanity   fs.o
    0x080043b0   0x00000004   Code   RO         4536    i.htonl             inet.o
    0x080043b4   0x00000004   Code   RO         4537    i.htons             inet.o
    0x080043b8   0x0000004c   Code   RO          394    i.http_accept       httpd.o
    0x08004404   0x0000001a   Code   RO          395    i.http_poll         httpd.o
    0x0800441e   0x00000002   PAD
    0x08004420   0x00000224   Code   RO          396    i.http_recv         httpd.o
    0x08004644   0x0000001c   Code   RO          397    i.http_sent         httpd.o
    0x08004660   0x0000002c   Code   RO          398    i.httpd_init        httpd.o
    0x0800468c   0x00000008   Code   RO         4501    i.icmp_dest_unreach  icmp.o
    0x08004694   0x00000114   Code   RO         4502    i.icmp_input        icmp.o
    0x080047a8   0x00000066   Code   RO         4503    i.icmp_send_response  icmp.o
    0x0800480e   0x00000008   Code   RO         4504    i.icmp_time_exceeded  icmp.o
    0x08004816   0x00000042   Code   RO         5792    i.if_initInterface  sd_stm32.o
    0x08004858   0x00000008   Code   RO         5793    i.if_readBuf        sd_stm32.o
    0x08004860   0x00000040   Code   RO         5795    i.if_spiInit        sd_stm32.o
    0x080048a0   0x00000040   Code   RO         5796    i.if_spiSend        sd_stm32.o
    0x080048e0   0x00000004   Code   RO         5797    i.if_writeBuf       sd_stm32.o
    0x080048e4   0x0000000c   Code   RO         4584    i.inet_chksum       inet_chksum.o
    0x080048f0   0x00000048   Code   RO         4585    i.inet_chksum_pbuf  inet_chksum.o
    0x08004938   0x0000001a   Code   RO         5308    i.ioman_decUseCnt   ioman.o
    0x08004952   0x00000060   Code   RO         5309    i.ioman_directSectorRead  ioman.o
    0x080049b2   0x00000090   Code   RO         5310    i.ioman_directSectorWrite  ioman.o
    0x08004a42   0x00000028   Code   RO         5311    i.ioman_findFreeSpot  ioman.o
    0x08004a6a   0x00000070   Code   RO         5312    i.ioman_findOverallocableSpot  ioman.o
    0x08004ada   0x00000034   Code   RO         5313    i.ioman_findSectorInCache  ioman.o
    0x08004b0e   0x0000007c   Code   RO         5314    i.ioman_findUnusedSpot  ioman.o
    0x08004b8a   0x00000060   Code   RO         5316    i.ioman_flushRange  ioman.o
    0x08004bea   0x0000005a   Code   RO         5317    i.ioman_flushSector  ioman.o
    0x08004c44   0x0000001a   Code   RO         5318    i.ioman_getAttr     ioman.o
    0x08004c5e   0x00000028   Code   RO         5319    i.ioman_getBp       ioman.o
    0x08004c86   0x00000016   Code   RO         5321    i.ioman_getPtr      ioman.o
    0x08004c9c   0x00000014   Code   RO         5322    i.ioman_getRefCnt   ioman.o
    0x08004cb0   0x000000d8   Code   RO         5323    i.ioman_getSector   ioman.o
    0x08004d88   0x00000014   Code   RO         5324    i.ioman_getUseCnt   ioman.o
    0x08004d9c   0x0000001a   Code   RO         5325    i.ioman_incRefCnt   ioman.o
    0x08004db6   0x0000001a   Code   RO         5326    i.ioman_incUseCnt   ioman.o
    0x08004dd0   0x00000018   Code   RO         5327    i.ioman_init        ioman.o
    0x08004de8   0x00000046   Code   RO         5328    i.ioman_pop         ioman.o
    0x08004e2e   0x00000046   Code   RO         5330    i.ioman_push        ioman.o
    0x08004e74   0x00000046   Code   RO         5331    i.ioman_putSectorInCache  ioman.o
    0x08004eba   0x0000001c   Code   RO         5332    i.ioman_readSector  ioman.o
    0x08004ed6   0x00000050   Code   RO         5333    i.ioman_releaseSector  ioman.o
    0x08004f26   0x0000005e   Code   RO         5334    i.ioman_reset       ioman.o
    0x08004f84   0x0000001e   Code   RO         5335    i.ioman_resetCacheItem  ioman.o
    0x08004fa2   0x00000022   Code   RO         5338    i.ioman_setAttr     ioman.o
    0x08004fc4   0x00000020   Code   RO         5339    i.ioman_writeSector  ioman.o
    0x08004fe4   0x00000030   Code   RO         4664    i.ip_addr_isbroadcast  ip_addr.o
    0x08005014   0x00000130   Code   RO         4687    i.ip_frag           ip_frag.o
    0x08005144   0x00000164   Code   RO         4622    i.ip_input          ip.o
    0x080052a8   0x00000034   Code   RO         4623    i.ip_output         ip.o
    0x080052dc   0x000000cc   Code   RO         4624    i.ip_output_if      ip.o
    0x080053a8   0x000001b0   Code   RO         4688    i.ip_reass          ip_frag.o
    0x08005558   0x000000f0   Code   RO         4689    i.ip_reass_chain_frag_into_datagram_and_validate  ip_frag.o
    0x08005648   0x00000024   Code   RO         4690    i.ip_reass_dequeue_datagram  ip_frag.o
    0x0800566c   0x00000070   Code   RO         4691    i.ip_reass_free_complete_datagram  ip_frag.o
    0x080056dc   0x00000074   Code   RO         4692    i.ip_reass_remove_oldest_datagram  ip_frag.o
    0x08005750   0x00000048   Code   RO         4625    i.ip_route          ip.o
    0x08005798   0x00000088   Code   RO         3669    i.low_level_init    ethernetif.o
    0x08005820   0x0000002c   Code   RO         3670    i.low_level_output  ethernetif.o
    0x0800584c   0x00000042   Code   RO         5508    i.ls_openDir        ls.o
    0x0800588e   0x0000003a   Code   RO         4587    i.lwip_standard_chksum  inet_chksum.o
    0x080058c8   0x0000001a   Code   RO          149    i.main              main.o
    0x080058e2   0x00000012   Code   RO         5634    i.memClr            plibc.o
    0x080058f4   0x00000018   Code   RO         5635    i.memCpy            plibc.o
    0x0800590c   0x0000001a   Code   RO         4194    i.mem_calloc        mem.o
    0x08005926   0x00000002   PAD
    0x08005928   0x0000002c   Code   RO         4195    i.mem_free          mem.o
    0x08005954   0x00000034   Code   RO         4196    i.mem_init          mem.o
    0x08005988   0x000000a8   Code   RO         4197    i.mem_malloc        mem.o
    0x08005a30   0x000000c4   Code   RO         4198    i.mem_realloc       mem.o
    0x08005af4   0x00000018   Code   RO         4238    i.memp_free         memp.o
    0x08005b0c   0x00000058   Code   RO         4239    i.memp_init         memp.o
    0x08005b64   0x00000020   Code   RO         4240    i.memp_malloc       memp.o
    0x08005b84   0x00000048   Code   RO         4280    i.netif_add         netif.o
    0x08005bcc   0x0000000a   Code   RO         4282    i.netif_is_up       netif.o
    0x08005bd6   0x00000020   Code   RO         4284    i.netif_set_addr    netif.o
    0x08005bf6   0x00000002   PAD
    0x08005bf8   0x0000000c   Code   RO         4285    i.netif_set_default  netif.o
    0x08005c04   0x00000008   Code   RO         4287    i.netif_set_gw      netif.o
    0x08005c0c   0x00000068   Code   RO         4288    i.netif_set_ipaddr  netif.o
    0x08005c74   0x00000008   Code   RO         4289    i.netif_set_netmask  netif.o
    0x08005c7c   0x0000001c   Code   RO         4290    i.netif_set_up      netif.o
    0x08005c98   0x00000004   Code   RO         4541    i.ntohl             inet.o
    0x08005c9c   0x00000004   Code   RO         4542    i.ntohs             inet.o
    0x08005ca0   0x0000001a   Code   RO         5566    i.part_directSectorRead  partition.o
    0x08005cba   0x0000001a   Code   RO         5567    i.part_directSectorWrite  partition.o
    0x08005cd4   0x00000026   Code   RO         5568    i.part_flushPart    partition.o
    0x08005cfa   0x00000012   Code   RO         5569    i.part_getRealLBA   partition.o
    0x08005d0c   0x0000001a   Code   RO         5570    i.part_getSect      partition.o
    0x08005d26   0x00000028   Code   RO         5571    i.part_initPartition  partition.o
    0x08005d4e   0x00000020   Code   RO         5572    i.part_isFatPart    partition.o
    0x08005d6e   0x00000008   Code   RO         5574    i.part_relSect      partition.o
    0x08005d76   0x0000010c   Code   RO         4355    i.pbuf_alloc        pbuf.o
    0x08005e82   0x00000028   Code   RO         4356    i.pbuf_cat          pbuf.o
    0x08005eaa   0x00000012   Code   RO         4357    i.pbuf_chain        pbuf.o
    0x08005ebc   0x00000012   Code   RO         4358    i.pbuf_clen         pbuf.o
    0x08005ece   0x00000090   Code   RO         4360    i.pbuf_copy         pbuf.o
    0x08005f5e   0x00000068   Code   RO         4361    i.pbuf_copy_partial  pbuf.o
    0x08005fc6   0x00000044   Code   RO         4363    i.pbuf_free         pbuf.o
    0x0800600a   0x00000060   Code   RO         4364    i.pbuf_header       pbuf.o
    0x0800606a   0x0000004e   Code   RO         4365    i.pbuf_realloc      pbuf.o
    0x080060b8   0x0000000c   Code   RO         4366    i.pbuf_ref          pbuf.o
    0x080060c4   0x00000054   Code   RO         4199    i.plug_holes        mem.o
    0x08006118   0x000000c4   Code   RO          464    i.process_tftp_request  tftpserver.o
    0x080061dc   0x00000068   Code   RO         4441    i.raw_input         raw.o
    0x08006244   0x00000018   Code   RO          465    i.recv_callback_tftp  tftpserver.o
    0x0800625c   0x00000054   Code   RO          466    i.rrq_recv_callback  tftpserver.o
    0x080062b0   0x00000050   Code   RO         5721    i.sd_Command        sd.o
    0x08006300   0x00000068   Code   RO         5722    i.sd_Init           sd.o
    0x08006368   0x00000016   Code   RO         5723    i.sd_Resp16b        sd.o
    0x0800637e   0x0000001c   Code   RO         5724    i.sd_Resp8b         sd.o
    0x0800639a   0x00000028   Code   RO         5726    i.sd_State          sd.o
    0x080063c2   0x00000096   Code   RO         5727    i.sd_getDriveSize   sd.o
    0x08006458   0x00000074   Code   RO         5728    i.sd_readSector     sd.o
    0x080064cc   0x00000064   Code   RO         5729    i.sd_writeSector    sd.o
    0x08006530   0x0000002c   Code   RO          399    i.send_data         httpd.o
    0x0800655c   0x0000001e   Code   RO         5637    i.strMatch          plibc.o
    0x0800657a   0x00000002   PAD
    0x0800657c   0x00000094   Code   RO         3788    i.tcp_abandon       tcp.o
    0x08006610   0x00000004   Code   RO         3789    i.tcp_accept        tcp.o
    0x08006614   0x00000006   Code   RO         3790    i.tcp_accept_null   tcp.o
    0x0800661a   0x00000002   PAD
    0x0800661c   0x000000f4   Code   RO         3791    i.tcp_alloc         tcp.o
    0x08006710   0x00000004   Code   RO         3792    i.tcp_arg           tcp.o
    0x08006714   0x000000bc   Code   RO         3793    i.tcp_bind          tcp.o
    0x080067d0   0x000000a0   Code   RO         3794    i.tcp_close         tcp.o
    0x08006870   0x00000020   Code   RO         3796    i.tcp_eff_send_mss  tcp.o
    0x08006890   0x000002f0   Code   RO         4010    i.tcp_enqueue       tcp_out.o
    0x08006b80   0x00000006   Code   RO         3797    i.tcp_err           tcp.o
    0x08006b86   0x00000002   PAD
    0x08006b88   0x00000058   Code   RO         3798    i.tcp_fasttmr       tcp.o
    0x08006be0   0x0000031c   Code   RO         3964    i.tcp_input         tcp_in.o
    0x08006efc   0x00000046   Code   RO         4011    i.tcp_keepalive     tcp_out.o
    0x08006f42   0x00000002   PAD
    0x08006f44   0x00000020   Code   RO          711    i.tcp_led_control   client.o
    0x08006f64   0x000000e8   Code   RO         3965    i.tcp_listen_input  tcp_in.o
    0x0800704c   0x00000084   Code   RO         3799    i.tcp_listen_with_backlog  tcp.o
    0x080070d0   0x00000006   Code   RO         3800    i.tcp_new           tcp.o
    0x080070d6   0x00000002   PAD
    0x080070d8   0x00000060   Code   RO         3801    i.tcp_new_port      tcp.o
    0x08007138   0x00000010   Code   RO         3802    i.tcp_next_iss      tcp.o
    0x08007148   0x00000218   Code   RO         4012    i.tcp_output        tcp_out.o
    0x08007360   0x000000b4   Code   RO         4013    i.tcp_output_segment  tcp_out.o
    0x08007414   0x00000078   Code   RO         4014    i.tcp_output_set_header  tcp_out.o
    0x0800748c   0x00000080   Code   RO         3966    i.tcp_parseopt      tcp_in.o
    0x0800750c   0x00000030   Code   RO         3803    i.tcp_pcb_purge     tcp.o
    0x0800753c   0x00000060   Code   RO         3804    i.tcp_pcb_remove    tcp.o
    0x0800759c   0x0000000a   Code   RO         3805    i.tcp_poll          tcp.o
    0x080075a6   0x00000002   PAD
    0x080075a8   0x00000350   Code   RO         3967    i.tcp_process       tcp_in.o
    0x080078f8   0x00000468   Code   RO         3968    i.tcp_receive       tcp_in.o
    0x08007d60   0x00000006   Code   RO         3806    i.tcp_recv          tcp.o
    0x08007d66   0x0000001c   Code   RO         3807    i.tcp_recv_null     tcp.o
    0x08007d82   0x0000003c   Code   RO         3808    i.tcp_recved        tcp.o
    0x08007dbe   0x00000054   Code   RO         4015    i.tcp_rexmit        tcp_out.o
    0x08007e12   0x0000002e   Code   RO         4016    i.tcp_rexmit_rto    tcp_out.o
    0x08007e40   0x00000098   Code   RO         4017    i.tcp_rst           tcp_out.o
    0x08007ed8   0x00000020   Code   RO         3809    i.tcp_seg_free      tcp.o
    0x08007ef8   0x0000001a   Code   RO         3810    i.tcp_segs_free     tcp.o
    0x08007f12   0x00000016   Code   RO         4018    i.tcp_send_ctrl     tcp_out.o
    0x08007f28   0x00000006   Code   RO         3811    i.tcp_sent          tcp.o
    0x08007f2e   0x00000002   PAD
    0x08007f30   0x00000210   Code   RO         3813    i.tcp_slowtmr       tcp.o
    0x08008140   0x00000020   Code   RO         3814    i.tcp_tmr           tcp.o
    0x08008160   0x0000002c   Code   RO         3815    i.tcp_update_rcv_ann_wnd  tcp.o
    0x0800818c   0x0000002e   Code   RO         4019    i.tcp_write         tcp_out.o
    0x080081ba   0x00000052   Code   RO         4020    i.tcp_zero_window_probe  tcp_out.o
    0x0800820c   0x00000044   Code   RO          467    i.tftp_cleanup_rd   tftpserver.o
    0x08008250   0x00000044   Code   RO          468    i.tftp_cleanup_wr   tftpserver.o
    0x08008294   0x00000030   Code   RO          469    i.tftp_construct_error_message  tftpserver.o
    0x080082c4   0x00000004   Code   RO          632    i.tftp_decode_op    tftputils.o
    0x080082c8   0x00000006   Code   RO          633    i.tftp_extract_block  tftputils.o
    0x080082ce   0x00000006   Code   RO          634    i.tftp_extract_filename  tftputils.o
    0x080082d4   0x0000001a   Code   RO          635    i.tftp_is_correct_ack  tftputils.o
    0x080082ee   0x00000002   PAD
    0x080082f0   0x00000080   Code   RO          470    i.tftp_process_read  tftpserver.o
    0x08008370   0x00000080   Code   RO          471    i.tftp_process_write  tftpserver.o
    0x080083f0   0x00000030   Code   RO          472    i.tftp_send_ack_packet  tftpserver.o
    0x08008420   0x00000046   Code   RO          473    i.tftp_send_data_packet  tftpserver.o
    0x08008466   0x00000028   Code   RO          474    i.tftp_send_error_message  tftpserver.o
    0x0800848e   0x00000046   Code   RO          475    i.tftp_send_message  tftpserver.o
    0x080084d4   0x00000038   Code   RO          476    i.tftp_send_next_block  tftpserver.o
    0x0800850c   0x0000000e   Code   RO          636    i.tftp_set_block    tftputils.o
    0x0800851a   0x00000006   Code   RO          637    i.tftp_set_data_message  tftputils.o
    0x08008520   0x00000008   Code   RO          638    i.tftp_set_errorcode  tftputils.o
    0x08008528   0x00000006   Code   RO          639    i.tftp_set_errormsg  tftputils.o
    0x0800852e   0x00000008   Code   RO          640    i.tftp_set_opcode   tftputils.o
    0x08008536   0x00000002   PAD
    0x08008538   0x00000038   Code   RO          477    i.tftpd_init        tftpserver.o
    0x08008570   0x0000005c   Code   RO         4080    i.udp_bind          udp.o
    0x080085cc   0x00000018   Code   RO         4082    i.udp_disconnect    udp.o
    0x080085e4   0x0000013c   Code   RO         4083    i.udp_input         udp.o
    0x08008720   0x0000001a   Code   RO         4084    i.udp_new           udp.o
    0x0800873a   0x00000006   Code   RO         4085    i.udp_recv          udp.o
    0x08008740   0x0000002c   Code   RO         4086    i.udp_remove        udp.o
    0x0800876c   0x00000028   Code   RO         4088    i.udp_sendto        udp.o
    0x08008794   0x000000b0   Code   RO         4089    i.udp_sendto_if     udp.o
    0x08008844   0x000000a8   Code   RO         4746    i.update_arp_entry  etharp.o
    0x080088ec   0x000000b4   Code   RO          478    i.wrq_recv_callback  tftpserver.o
    0x080089a0   0x00000a93   Data   RO          400    .constdata          httpd.o
    0x08009433   0x00004a21   Data   RO          401    .constdata          httpd.o
    0x0800de54   0x000017ea   Data   RO          402    .constdata          httpd.o
    0x0800f63e   0x00000fb9   Data   RO          403    .constdata          httpd.o
    0x080105f7   0x00000001   PAD
    0x080105f8   0x00000010   Data   RO          404    .constdata          httpd.o
    0x08010608   0x00000010   Data   RO          405    .constdata          httpd.o
    0x08010618   0x00000010   Data   RO          406    .constdata          httpd.o
    0x08010628   0x00000010   Data   RO          407    .constdata          httpd.o
    0x08010638   0x00000050   Data   RO         3433    .constdata          stm32_eval.o
    0x08010688   0x000011d0   Data   RO         3508    .constdata          stm3210c_eval_lcd.o
    0x08011858   0x00000014   Data   RO         3816    .constdata          tcp.o
    0x0801186c   0x00000024   Data   RO         4242    .constdata          memp.o
    0x08011890   0x00000004   Data   RO         4665    .constdata          ip_addr.o
    0x08011894   0x0000000c   Data   RO         4748    .constdata          etharp.o
    0x080118a0   0x0000000f   Data   RO          408    .conststring        httpd.o
    0x080118af   0x0000001b   Data   RO          409    .conststring        httpd.o
    0x080118ca   0x00000010   Data   RO          410    .conststring        httpd.o
    0x080118da   0x00000013   Data   RO          411    .conststring        httpd.o
    0x080118ed   0x00000013   Data   RO          412    .conststring        httpd.o
    0x08011900   0x0000007d   Data   RO          480    .conststring        tftpserver.o
    0x0801197d   0x00000003   PAD
    0x08011980   0x00000020   Data   RO         6097    Region$$Table       anon$$obj.o


    Execution Region RW_IRAM1 (Base: 0x20000000, Size: 0x0000e1b8, Max: 0x00010000, ABSOLUTE, COMPRESSED[0x0000072c])

    Base Addr    Size         Type   Attr      Idx    E Section Name        Object

    0x20000000   0x00000004   Data   RW           12    .data               stm32f10x_it.o
    0x20000004   0x00000008   Data   RW          150    .data               main.o
    0x2000000c   0x00000010   Data   RW          298    .data               netconf.o
    0x2000001c   0x000011f9   Data   RW          413    .data               httpd.o
    0x20001215   0x00000003   PAD
    0x20001218   0x00000010   Data   RW          414    .data               httpd.o
    0x20001228   0x00000024   Data   RW          481    .data               tftpserver.o
    0x2000124c   0x00000004   Data   RW          713    .data               client.o
    0x20001250   0x00000014   Data   RW         1103    .data               stm32f10x_rcc.o
    0x20001264   0x00000010   Data   RW         2747    .data               stm32_eth.o
    0x20001274   0x00000018   Data   RW         3279    .data               stm3210c_eval_ioe.o
    0x2000128c   0x00000024   Data   RW         3434    .data               stm32_eval.o
    0x200012b0   0x00000004   Data   RW         3509    .data               stm3210c_eval_lcd.o
    0x200012b4   0x00000006   Data   RW         3675    .data               ethernetif.o
    0x200012ba   0x00000002   PAD
    0x200012bc   0x00000020   Data   RW         3817    .data               tcp.o
    0x200012dc   0x0000001c   Data   RW         3970    .data               tcp_in.o
    0x200012f8   0x00000004   Data   RW         4090    .data               udp.o
    0x200012fc   0x00000010   Data   RW         4201    .data               mem.o
    0x2000130c   0x0000000c   Data   RW         4291    .data               netif.o
    0x20001318   0x00000004   Data   RW         4447    .data               raw.o
    0x2000131c   0x0000000c   Data   RW         4626    .data               ip.o
    0x20001328   0x00000008   Data   RW         4695    .data               ip_frag.o
    0x20001330   0x00000001   Data   RW         4749    .data               etharp.o
    0x20001331   0x00000003   PAD
    0x20001334   0x00000030   Zero   RW          297    .bss                netconf.o
    0x20001364   0x00000670   Zero   RW          479    .bss                tftpserver.o
    0x200019d4   0x00002400   Zero   RW         3671    .bss                ethernetif.o
    0x20003dd4   0x00000014   Zero   RW         3969    .bss                tcp_in.o
    0x20003de8   0x00005014   Zero   RW         4200    .bss                mem.o
    0x20008dfc   0x000046af   Zero   RW         4241    .bss                memp.o
    0x2000d4ab   0x000005e0   Zero   RW         4694    .bss                ip_frag.o
    0x2000da8b   0x00000001   PAD
    0x2000da8c   0x000000c8   Zero   RW         4747    .bss                etharp.o
    0x2000db54   0x00000060   Zero   RW         5974    .bss                c_w.l(libspace.o)
    0x2000dbb4   0x00000004   PAD
    0x2000dbb8   0x00000200   Zero   RW         5880    HEAP                startup_stm32f10x_cl.o
    0x2000ddb8   0x00000400   Zero   RW         5879    STACK               startup_stm32f10x_cl.o


==============================================================================

Image component sizes


      Code (inc. data)   RO Data    RW Data    ZI Data      Debug   Object Name

        32          4          0          4          0        746   client.o
         0          0          0          0          0         32   core_cm3.o
       916          0          0          0          0       9294   dir.o
        70          0          0          0          0       1355   disc.o
       104          0          0          0          0        923   efs.o
      1616         34         12          1        200      11360   etharp.o
       556         52          0          6       9216       6894   ethernetif.o
        98          0          0          0          0       1899   extract.o
      1440          4          0          0          0       8946   fat.o
      1406          0          0          0          0       8985   file.o
      1076          0          0          0          0      11768   fs.o
       372         54          0          0          0       3022   helloworld.o
       862        144      31991       4617          0       7083   httpd.o
       394          0          0          0          0       3138   icmp.o
        16          0          0          0          0       2810   inet.o
       142          0          0          0          0       5349   inet_chksum.o
         0          0          0          0          0        676   init.o
      1708          0          0          0          0      16806   ioman.o
       684         22          0         12          0       4149   ip.o
        48          0          4          0          0       5365   ip_addr.o
      1240         34          0          8       1504       6301   ip_frag.o
        66          0          0          0          0       1233   ls.o
        86         14          0          8          0      14464   main.o
       570         32          0         16      20500       5082   mem.o
       144         20         36          0      18095       3678   memp.o
       140         28          0          0          0       2113   misc.o
       348         90          0         16         48      14826   netconf.o
       274         20          0         12          0       6537   netif.o
       214          0          0          0          0       4782   partition.o
       846          0          0          0          0       7281   pbuf.o
        72          0          0          0          0       1901   plibc.o
       104          4          0          4          0       1560   raw.o
       640          0          0          0          0       6251   sd.o
       370         34          0          0          0       4220   sd_stm32.o
        56         22        336          0       1536        852   startup_stm32f10x_cl.o
      1154         64          0         24          0      12293   stm3210c_eval_ioe.o
      1294         86       4560          4          0      11982   stm3210c_eval_lcd.o
      1342        138          0         16          0      14744   stm32_eth.o
       268         34         80         36          0       3553   stm32_eval.o
       856        130          0          0          0       8710   stm32f107.o
       234         10          0          0          0       5144   stm32f10x_adc.o
       156         14          0          0          0       2244   stm32f10x_exti.o
       294         18          0          0          0       5404   stm32f10x_gpio.o
       334          8          0          0          0       7547   stm32f10x_i2c.o
       374        102          0          4          0     317658   stm32f10x_it.o
       356         62          0         20          0       8212   stm32f10x_rcc.o
       182         12          0          0          0       4547   stm32f10x_spi.o
       284         30          0          0          0       1621   system_stm32f10x.o
      2046         86         20         32          0      24110   tcp.o
      3132         74          0         28         20      13520   tcp_in.o
      2090         14          0          0          0       8595   tcp_out.o
      1264        100        125         36       1648      18822   tftpserver.o
        84          0          0          0          0       5282   tftputils.o
         4          0          0          0          0        472   time.o
       724         18          0          4          0       7226   udp.o

    ----------------------------------------------------------------------
     33242       1612      37200       4916      52768     673367   Object Totals
         0          0         32          0          0          0   (incl. Generated)
        60          0          4          8          1          0   (incl. Padding)

    ----------------------------------------------------------------------

      Code (inc. data)   RO Data    RW Data    ZI Data      Debug   Library Member Name

       100          0          0          0          0          0   __dclz77c.o
         8          0          0          0          0         68   __main.o
       104          0          0          0          0         84   __printf.o
        52          8          0          0          0          0   __scatter.o
        28          0          0          0          0          0   __scatter_zi.o
        48          6          0          0          0         96   _printf_char_common.o
         6          0          0          0          0          0   _printf_d.o
       120         18          0          0          0         92   _printf_dec.o
       184          0          0          0          0         88   _printf_intcommon.o
         0          0          0          0          0          0   _printf_percent.o
         4          0          0          0          0          0   _printf_percent_end.o
        10          0          0          0          0         68   _sputc.o
        12          0          0          0          0         72   exit.o
         6          0          0          0          0        152   heapauxi.o
         0          0          0          0          0          0   indicate_semi.o
         2          0          0          0          0          0   libinit.o
         2          0          0          0          0          0   libinit2.o
         2          0          0          0          0          0   libshutdown.o
         2          0          0          0          0          0   libshutdown2.o
         8          4          0          0         96         68   libspace.o
        40          6          0          0          0         84   noretval__2sprintf.o
        68          0          0          0          0         68   rt_memclr.o
        78          0          0          0          0         80   rt_memclr_w.o
       138          0          0          0          0         68   rt_memcpy_v6.o
       100          0          0          0          0         80   rt_memcpy_w.o
         0          0          0          0          0          0   rtentry.o
        12          0          0          0          0          0   rtentry2.o
         6          0          0          0          0          0   rtentry4.o
         2          0          0          0          0          0   rtexit.o
        10          0          0          0          0          0   rtexit2.o
       128          0          0          0          0         68   strcmpv7m.o
        72          0          0          0          0         80   strcpy.o
        62          0          0          0          0         76   strlen.o
       150          0          0          0          0         80   strncmp.o
        12          4          0          0          0         68   sys_exit.o
        74          0          0          0          0         80   sys_stackheap_outer.o
         2          0          0          0          0         68   use_no_semi.o

    ----------------------------------------------------------------------
      1654         46          0          0        100       1688   Library Totals
         2          0          0          0          4          0   (incl. Padding)

    ----------------------------------------------------------------------

      Code (inc. data)   RO Data    RW Data    ZI Data      Debug   Library Name

      1652         46          0          0         96       1688   c_w.l

    ----------------------------------------------------------------------
      1654         46          0          0        100       1688   Library Totals

    ----------------------------------------------------------------------

==============================================================================


      Code (inc. data)   RO Data    RW Data    ZI Data      Debug   

     34896       1658      37200       4916      52868     653683   Grand Totals
     34896       1658      37200       1836      52868     653683   ELF Image Totals (compressed)
     34896       1658      37200       1836          0          0   ROM Totals

==============================================================================

    Total RO  Size (Code + RO Data)                72096 (  70.41kB)
    Total RW  Size (RW Data + ZI Data)             57784 (  56.43kB)
    Total ROM Size (Code + RO Data + RW Data)      73932 (  72.20kB)

==============================================================================

